Archive member included to satisfy reference by file (symbol)

/usr/share/gcc-arm-none-eabi-10.3-2021.10/bin/../lib/gcc/arm-none-eabi/10.3.1/../../../../arm-none-eabi/lib/thumb/v7e-m+fp/hard/libc_nano.a(lib_a-exit.o)
                              /usr/share/gcc-arm-none-eabi-10.3-2021.10/bin/../lib/gcc/arm-none-eabi/10.3.1/../../../../arm-none-eabi/lib/thumb/v7e-m+fp/hard/crt0.o (exit)
/usr/share/gcc-arm-none-eabi-10.3-2021.10/bin/../lib/gcc/arm-none-eabi/10.3.1/../../../../arm-none-eabi/lib/thumb/v7e-m+fp/hard/libc_nano.a(lib_a-impure.o)
                              /usr/share/gcc-arm-none-eabi-10.3-2021.10/bin/../lib/gcc/arm-none-eabi/10.3.1/../../../../arm-none-eabi/lib/thumb/v7e-m+fp/hard/libc_nano.a(lib_a-exit.o) (_global_impure_ptr)
/usr/share/gcc-arm-none-eabi-10.3-2021.10/bin/../lib/gcc/arm-none-eabi/10.3.1/../../../../arm-none-eabi/lib/thumb/v7e-m+fp/hard/libc_nano.a(lib_a-init.o)
                              /usr/share/gcc-arm-none-eabi-10.3-2021.10/bin/../lib/gcc/arm-none-eabi/10.3.1/../../../../arm-none-eabi/lib/thumb/v7e-m+fp/hard/crt0.o (__libc_init_array)
/usr/share/gcc-arm-none-eabi-10.3-2021.10/bin/../lib/gcc/arm-none-eabi/10.3.1/../../../../arm-none-eabi/lib/thumb/v7e-m+fp/hard/libc_nano.a(lib_a-malloc.o)
                              build/circ_buf.o (malloc)
/usr/share/gcc-arm-none-eabi-10.3-2021.10/bin/../lib/gcc/arm-none-eabi/10.3.1/../../../../arm-none-eabi/lib/thumb/v7e-m+fp/hard/libc_nano.a(lib_a-memcpy-stub.o)
                              build/circ_buf.o (memcpy)
/usr/share/gcc-arm-none-eabi-10.3-2021.10/bin/../lib/gcc/arm-none-eabi/10.3.1/../../../../arm-none-eabi/lib/thumb/v7e-m+fp/hard/libc_nano.a(lib_a-memset.o)
                              /usr/share/gcc-arm-none-eabi-10.3-2021.10/bin/../lib/gcc/arm-none-eabi/10.3.1/../../../../arm-none-eabi/lib/thumb/v7e-m+fp/hard/crt0.o (memset)
/usr/share/gcc-arm-none-eabi-10.3-2021.10/bin/../lib/gcc/arm-none-eabi/10.3.1/../../../../arm-none-eabi/lib/thumb/v7e-m+fp/hard/libc_nano.a(lib_a-nano-freer.o)
                              /usr/share/gcc-arm-none-eabi-10.3-2021.10/bin/../lib/gcc/arm-none-eabi/10.3.1/../../../../arm-none-eabi/lib/thumb/v7e-m+fp/hard/libc_nano.a(lib_a-malloc.o) (_free_r)
/usr/share/gcc-arm-none-eabi-10.3-2021.10/bin/../lib/gcc/arm-none-eabi/10.3.1/../../../../arm-none-eabi/lib/thumb/v7e-m+fp/hard/libc_nano.a(lib_a-nano-mallocr.o)
                              /usr/share/gcc-arm-none-eabi-10.3-2021.10/bin/../lib/gcc/arm-none-eabi/10.3.1/../../../../arm-none-eabi/lib/thumb/v7e-m+fp/hard/libc_nano.a(lib_a-malloc.o) (_malloc_r)
/usr/share/gcc-arm-none-eabi-10.3-2021.10/bin/../lib/gcc/arm-none-eabi/10.3.1/../../../../arm-none-eabi/lib/thumb/v7e-m+fp/hard/libc_nano.a(lib_a-sbrkr.o)
                              /usr/share/gcc-arm-none-eabi-10.3-2021.10/bin/../lib/gcc/arm-none-eabi/10.3.1/../../../../arm-none-eabi/lib/thumb/v7e-m+fp/hard/libc_nano.a(lib_a-nano-mallocr.o) (_sbrk_r)
/usr/share/gcc-arm-none-eabi-10.3-2021.10/bin/../lib/gcc/arm-none-eabi/10.3.1/../../../../arm-none-eabi/lib/thumb/v7e-m+fp/hard/libc_nano.a(lib_a-sprintf.o)
                              build/max11254_loadcell.o (sprintf)
/usr/share/gcc-arm-none-eabi-10.3-2021.10/bin/../lib/gcc/arm-none-eabi/10.3.1/../../../../arm-none-eabi/lib/thumb/v7e-m+fp/hard/libc_nano.a(lib_a-strlen.o)
                              build/max11254_loadcell.o (strlen)
/usr/share/gcc-arm-none-eabi-10.3-2021.10/bin/../lib/gcc/arm-none-eabi/10.3.1/../../../../arm-none-eabi/lib/thumb/v7e-m+fp/hard/libc_nano.a(lib_a-mlock.o)
                              /usr/share/gcc-arm-none-eabi-10.3-2021.10/bin/../lib/gcc/arm-none-eabi/10.3.1/../../../../arm-none-eabi/lib/thumb/v7e-m+fp/hard/libc_nano.a(lib_a-nano-freer.o) (__malloc_lock)
/usr/share/gcc-arm-none-eabi-10.3-2021.10/bin/../lib/gcc/arm-none-eabi/10.3.1/../../../../arm-none-eabi/lib/thumb/v7e-m+fp/hard/libc_nano.a(lib_a-nano-svfprintf.o)
                              /usr/share/gcc-arm-none-eabi-10.3-2021.10/bin/../lib/gcc/arm-none-eabi/10.3.1/../../../../arm-none-eabi/lib/thumb/v7e-m+fp/hard/libc_nano.a(lib_a-sprintf.o) (_svfprintf_r)
/usr/share/gcc-arm-none-eabi-10.3-2021.10/bin/../lib/gcc/arm-none-eabi/10.3.1/../../../../arm-none-eabi/lib/thumb/v7e-m+fp/hard/libc_nano.a(lib_a-nano-vfprintf_i.o)
                              /usr/share/gcc-arm-none-eabi-10.3-2021.10/bin/../lib/gcc/arm-none-eabi/10.3.1/../../../../arm-none-eabi/lib/thumb/v7e-m+fp/hard/libc_nano.a(lib_a-nano-svfprintf.o) (_printf_i)
/usr/share/gcc-arm-none-eabi-10.3-2021.10/bin/../lib/gcc/arm-none-eabi/10.3.1/../../../../arm-none-eabi/lib/thumb/v7e-m+fp/hard/libc_nano.a(lib_a-reent.o)
                              /usr/share/gcc-arm-none-eabi-10.3-2021.10/bin/../lib/gcc/arm-none-eabi/10.3.1/../../../../arm-none-eabi/lib/thumb/v7e-m+fp/hard/libc_nano.a(lib_a-sbrkr.o) (errno)
/usr/share/gcc-arm-none-eabi-10.3-2021.10/bin/../lib/gcc/arm-none-eabi/10.3.1/../../../../arm-none-eabi/lib/thumb/v7e-m+fp/hard/libc_nano.a(lib_a-lock.o)
[...]
Memory Configuration

Name             Origin             Length             Attributes
RAM              0x0000000020000000 0x0000000000050000 xrw
FLASH            0x0000000008000000 0x0000000000100000 xr
*default*        0x0000000000000000 0xffffffffffffffff

Linker script and memory map

LOAD /usr/share/gcc-arm-none-eabi-10.3-2021.10/bin/../lib/gcc/arm-none-eabi/10.3.1/thumb/v7e-m+fp/hard/crti.o
LOAD /usr/share/gcc-arm-none-eabi-10.3-2021.10/bin/../lib/gcc/arm-none-eabi/10.3.1/thumb/v7e-m+fp/hard/crtbegin.o
LOAD /usr/share/gcc-arm-none-eabi-10.3-2021.10/bin/../lib/gcc/arm-none-eabi/10.3.1/../../../../arm-none-eabi/lib/thumb/v7e-m+fp/hard/crt0.o
LOAD build/max11254_loadcell.o
LOAD build/main.o
LOAD build/gpio.o
LOAD build/spi.o
LOAD build/usart.o
LOAD build/usb_otg.o
LOAD build/stm32f7xx_it.o
LOAD build/stm32f7xx_hal_msp.o
LOAD build/stm32f7xx_hal_cortex.o
LOAD build/stm32f7xx_hal_rcc.o
LOAD build/stm32f7xx_hal_rcc_ex.o
LOAD build/stm32f7xx_hal_flash.o
LOAD build/stm32f7xx_hal_flash_ex.o
LOAD build/stm32f7xx_hal_gpio.o
LOAD build/stm32f7xx_hal_dma.o
LOAD build/stm32f7xx_hal_dma_ex.o
LOAD build/stm32f7xx_hal_pwr.o
LOAD build/stm32f7xx_hal_pwr_ex.o
LOAD build/stm32f7xx_hal.o
LOAD build/stm32f7xx_hal_i2c.o
LOAD build/stm32f7xx_hal_i2c_ex.o
LOAD build/stm32f7xx_hal_exti.o
LOAD build/stm32f7xx_hal_spi.o
LOAD build/stm32f7xx_hal_spi_ex.o
LOAD build/stm32f7xx_hal_tim.o
LOAD build/stm32f7xx_hal_tim_ex.o
LOAD build/stm32f7xx_hal_uart.o
LOAD build/stm32f7xx_hal_uart_ex.o
LOAD build/stm32f7xx_hal_pcd.o
LOAD build/stm32f7xx_hal_pcd_ex.o
LOAD build/stm32f7xx_ll_usb.o
LOAD build/system_stm32f7xx.o
LOAD build/i2c.o
LOAD build/circ_buf.o
LOAD build/event.o
LOAD build/hashtable.o
LOAD build/mutex.o
LOAD build/pipe.o
LOAD build/queue_ex.o
LOAD build/sched.o
LOAD build/sleep.o
LOAD build/task.o
LOAD build/virtual_pcb.o
LOAD build/watcher.o
LOAD build/cocktail_can.o
LOAD build/cocktail_gpio.o
LOAD build/cocktail_i2c.o
LOAD build/cocktail_spi.o
LOAD build/cocktail_tim.o
LOAD build/cocktail_uart.o
LOAD build/cocktail_usart.o
LOAD build/cocktail_core.o
LOAD build/mux.o
LOAD build/decoder.o
LOAD build/adc_builtin.o
LOAD build/adc_generic.o
LOAD build/max116xx.o
LOAD build/max116xx_platform.o
LOAD build/max11254.o
LOAD build/max11254_register.o
LOAD build/max11254_cocktail.o
LOAD build/startup_stm32f746xx.o
LOAD /usr/share/gcc-arm-none-eabi-10.3-2021.10/bin/../lib/gcc/arm-none-eabi/10.3.1/../../../../arm-none-eabi/lib/thumb/v7e-m+fp/hard/libc_nano.a
LOAD /usr/share/gcc-arm-none-eabi-10.3-2021.10/bin/../lib/gcc/arm-none-eabi/10.3.1/../../../../arm-none-eabi/lib/thumb/v7e-m+fp/hard/libm.a
LOAD /usr/share/gcc-arm-none-eabi-10.3-2021.10/bin/../lib/gcc/arm-none-eabi/10.3.1/../../../../arm-none-eabi/lib/thumb/v7e-m+fp/hard/libnosys.a
START GROUP
LOAD /usr/share/gcc-arm-none-eabi-10.3-2021.10/bin/../lib/gcc/arm-none-eabi/10.3.1/thumb/v7e-m+fp/hard/libgcc.a
LOAD /usr/share/gcc-arm-none-eabi-10.3-2021.10/bin/../lib/gcc/arm-none-eabi/10.3.1/../../../../arm-none-eabi/lib/thumb/v7e-m+fp/hard/libc_nano.a
END GROUP
START GROUP
LOAD /usr/share/gcc-arm-none-eabi-10.3-2021.10/bin/../lib/gcc/arm-none-eabi/10.3.1/thumb/v7e-m+fp/hard/libgcc.a
LOAD /usr/share/gcc-arm-none-eabi-10.3-2021.10/bin/../lib/gcc/arm-none-eabi/10.3.1/../../../../arm-none-eabi/lib/thumb/v7e-m+fp/hard/libc_nano.a
END GROUP
LOAD /usr/share/gcc-arm-none-eabi-10.3-2021.10/bin/../lib/gcc/arm-none-eabi/10.3.1/thumb/v7e-m+fp/hard/crtend.o
LOAD /usr/share/gcc-arm-none-eabi-10.3-2021.10/bin/../lib/gcc/arm-none-eabi/10.3.1/thumb/v7e-m+fp/hard/crtn.o
                0x0000000020050000                _estack = (ORIGIN (RAM) + LENGTH (RAM))
                0x0000000000000200                _Min_Heap_Size = 0x200
                0x0000000000000400                _Min_Stack_Size = 0x400

.isr_vector     0x0000000008000000      0x1c8
                0x0000000008000000                . = ALIGN (0x4)
 *(.isr_vector)
 .isr_vector    0x0000000008000000      0x1c8 build/startup_stm32f746xx.o
                0x0000000008000000                g_pfnVectors
                0x00000000080001c8                . = ALIGN (0x4)

.text           0x00000000080001d0     0x49ec
                0x00000000080001d0                . = ALIGN (0x4)
 *(.text)
 .text          0x00000000080001d0       0x40 /usr/share/gcc-arm-none-eabi-10.3-2021.10/bin/../lib/gcc/arm-none-eabi/10.3.1/thumb/v7e-m+fp/hard/crtbegin.o
 .text          0x0000000008000210       0x10 /usr/share/gcc-arm-none-eabi-10.3-2021.10/bin/../lib/gcc/arm-none-eabi/10.3.1/../../../../arm-none-eabi/lib/thumb/v7e-m+fp/hard/libc_nano.a(lib_a-strlen.o)
                0x0000000008000210                strlen
 .text          0x0000000008000220       0xa0 /usr/share/gcc-arm-none-eabi-10.3-2021.10/bin/../lib/gcc/arm-none-eabi/10.3.1/../../../../arm-none-eabi/lib/thumb/v7e-m+fp/hard/libc_nano.a(lib_a-memchr.o)
                0x0000000008000220                memchr
 .text          0x00000000080002c0      0x254 /usr/share/gcc-arm-none-eabi-10.3-2021.10/bin/../lib/gcc/arm-none-eabi/10.3.1/thumb/v7e-m+fp/hard/libgcc.a(_arm_muldf3.o)
                0x00000000080002c0                __aeabi_dmul
                0x00000000080002c0                __muldf3
 .text          0x0000000008000514      0x378 /usr/share/gcc-arm-none-eabi-10.3-2021.10/bin/../lib/gcc/arm-none-eabi/10.3.1/thumb/v7e-m+fp/hard/libgcc.a(_arm_addsubdf3.o)
                0x0000000008000514                __aeabi_drsub
                0x000000000800051c                __aeabi_dsub
                0x000000000800051c                __subdf3
                0x0000000008000520                __adddf3
                0x0000000008000520                __aeabi_dadd
                0x0000000008000798                __aeabi_ui2d
                0x0000000008000798                __floatunsidf
                0x00000000080007b8                __floatsidf
                0x00000000080007b8                __aeabi_i2d
                0x00000000080007dc                __extendsfdf2
                0x00000000080007dc                __aeabi_f2d
                0x0000000008000820                __aeabi_ul2d
                0x0000000008000820                __floatundidf
                0x0000000008000830                __floatdidf
                0x0000000008000830                __aeabi_l2d
 .text          0x000000000800088c       0xa0 /usr/share/gcc-arm-none-eabi-10.3-2021.10/bin/../lib/gcc/arm-none-eabi/10.3.1/thumb/v7e-m+fp/hard/libgcc.a(_arm_truncdfsf2.o)
                0x000000000800088c                __aeabi_d2f
                0x000000000800088c                __truncdfsf2
 .text          0x000000000800092c       0x30 /usr/share/gcc-arm-none-eabi-10.3-2021.10/bin/../lib/gcc/arm-none-eabi/10.3.1/thumb/v7e-m+fp/hard/libgcc.a(_aeabi_uldivmod.o)
                0x000000000800092c                __aeabi_uldivmod
 .text          0x000000000800095c      0x2d0 /usr/share/gcc-arm-none-eabi-10.3-2021.10/bin/../lib/gcc/arm-none-eabi/10.3.1/thumb/v7e-m+fp/hard/libgcc.a(_udivmoddi4.o)
                0x000000000800095c                __udivmoddi4
 .text          0x0000000008000c2c        0x4 /usr/share/gcc-arm-none-eabi-10.3-2021.10/bin/../lib/gcc/arm-none-eabi/10.3.1/thumb/v7e-m+fp/hard/libgcc.a(_dvmd_tls.o)
                0x0000000008000c2c                __aeabi_ldiv0
                0x0000000008000c2c                __aeabi_idiv0
 *(.text*)
 .text.fake_sleep
                0x0000000008000c30       0x16 build/max11254_loadcell.o
                0x0000000008000c30                fake_sleep
 *fill*         0x0000000008000c46        0x2 
 .text.init_adc
                0x0000000008000c48       0x60 build/max11254_loadcell.o
                0x0000000008000c48                init_adc
 .text.read_multichannel
                0x0000000008000ca8       0xb4 build/max11254_loadcell.o
                0x0000000008000ca8                read_multichannel
 .text.print_data
                0x0000000008000d5c       0xb0 build/max11254_loadcell.o
                0x0000000008000d5c                print_data
 .text.print_with_average
                0x0000000008000e0c       0x22 build/max11254_loadcell.o
                0x0000000008000e0c                print_with_average
 .text.Error_Handler
                0x0000000008000e2e        0x4 build/main.o
                0x0000000008000e2e                Error_Handler
 *fill*         0x0000000008000e32        0x2 
 .text.SystemClock_Config
                0x0000000008000e34       0xb0 build/main.o
                0x0000000008000e34                SystemClock_Config
 .text.main     0x0000000008000ee4       0x30 build/main.o
                0x0000000008000ee4                main
 .text.MX_GPIO_Init
                0x0000000008000f14      0x1d4 build/gpio.o
                0x0000000008000f14                MX_GPIO_Init
 .text.MX_SPI5_Init
                0x00000000080010e8       0x4c build/spi.o
                0x00000000080010e8                MX_SPI5_Init
 .text.HAL_SPI_MspInit
                0x0000000008001134       0x7c build/spi.o
                0x0000000008001134                HAL_SPI_MspInit
 .text.MX_USART3_UART_Init
                0x00000000080011b0       0x38 build/usart.o
                0x00000000080011b0                MX_USART3_UART_Init
 .text.HAL_UART_MspInit
                0x00000000080011e8       0x8c build/usart.o
                0x00000000080011e8                HAL_UART_MspInit
 .text.MX_USB_OTG_FS_PCD_Init
                0x0000000008001274       0x38 build/usb_otg.o
                0x0000000008001274                MX_USB_OTG_FS_PCD_Init
 .text.HAL_PCD_MspInit
                0x00000000080012ac       0xb0 build/usb_otg.o
                0x00000000080012ac                HAL_PCD_MspInit
 .text.NMI_Handler
                0x000000000800135c        0x2 build/stm32f7xx_it.o
                0x000000000800135c                NMI_Handler
 .text.HardFault_Handler
                0x000000000800135e        0x2 build/stm32f7xx_it.o
                0x000000000800135e                HardFault_Handler
 .text.MemManage_Handler
                0x0000000008001360        0x2 build/stm32f7xx_it.o
                0x0000000008001360                MemManage_Handler
 .text.BusFault_Handler
                0x0000000008001362        0x2 build/stm32f7xx_it.o
                0x0000000008001362                BusFault_Handler
 .text.UsageFault_Handler
                0x0000000008001364        0x2 build/stm32f7xx_it.o
                0x0000000008001364                UsageFault_Handler
 .text.SVC_Handler
                0x0000000008001366        0x2 build/stm32f7xx_it.o
                0x0000000008001366                SVC_Handler
 .text.DebugMon_Handler
                0x0000000008001368        0x2 build/stm32f7xx_it.o
                0x0000000008001368                DebugMon_Handler
 .text.PendSV_Handler
                0x000000000800136a        0x2 build/stm32f7xx_it.o
                0x000000000800136a                PendSV_Handler
 .text.SysTick_Handler
                0x000000000800136c        0x8 build/stm32f7xx_it.o
                0x000000000800136c                SysTick_Handler
 .text.SPI5_IRQHandler
                0x0000000008001374       0x10 build/stm32f7xx_it.o
                0x0000000008001374                SPI5_IRQHandler
 .text.HAL_MspInit
                0x0000000008001384       0x30 build/stm32f7xx_hal_msp.o
                0x0000000008001384                HAL_MspInit
 .text.HAL_NVIC_SetPriorityGrouping
                0x00000000080013b4       0x24 build/stm32f7xx_hal_cortex.o
                0x00000000080013b4                HAL_NVIC_SetPriorityGrouping
 .text.HAL_NVIC_SetPriority
                0x00000000080013d8       0x6c build/stm32f7xx_hal_cortex.o
                0x00000000080013d8                HAL_NVIC_SetPriority
 .text.HAL_NVIC_EnableIRQ
                0x0000000008001444       0x1c build/stm32f7xx_hal_cortex.o
                0x0000000008001444                HAL_NVIC_EnableIRQ
 .text.HAL_SYSTICK_Config
                0x0000000008001460       0x28 build/stm32f7xx_hal_cortex.o
                0x0000000008001460                HAL_SYSTICK_Config
 .text.HAL_RCC_OscConfig
                0x0000000008001488      0x434 build/stm32f7xx_hal_rcc.o
                0x0000000008001488                HAL_RCC_OscConfig
 .text.HAL_RCC_GetSysClockFreq
                0x00000000080018bc       0xd4 build/stm32f7xx_hal_rcc.o
                0x00000000080018bc                HAL_RCC_GetSysClockFreq
 .text.HAL_RCC_ClockConfig
                0x0000000008001990      0x16c build/stm32f7xx_hal_rcc.o
                0x0000000008001990                HAL_RCC_ClockConfig
 .text.HAL_RCC_GetHCLKFreq
                0x0000000008001afc        0xc build/stm32f7xx_hal_rcc.o
                0x0000000008001afc                HAL_RCC_GetHCLKFreq
 .text.HAL_RCC_GetPCLK1Freq
                0x0000000008001b08       0x20 build/stm32f7xx_hal_rcc.o
                0x0000000008001b08                HAL_RCC_GetPCLK1Freq
 .text.HAL_RCC_GetPCLK2Freq
                0x0000000008001b28       0x20 build/stm32f7xx_hal_rcc.o
                0x0000000008001b28                HAL_RCC_GetPCLK2Freq
 .text.HAL_RCCEx_PeriphCLKConfig
                0x0000000008001b48      0x5ac build/stm32f7xx_hal_rcc_ex.o
                0x0000000008001b48                HAL_RCCEx_PeriphCLKConfig
 .text.HAL_GPIO_Init
                0x00000000080020f4      0x1f8 build/stm32f7xx_hal_gpio.o
                0x00000000080020f4                HAL_GPIO_Init
 .text.HAL_GPIO_ReadPin
                0x00000000080022ec        0xe build/stm32f7xx_hal_gpio.o
                0x00000000080022ec                HAL_GPIO_ReadPin
 .text.HAL_GPIO_WritePin
                0x00000000080022fa        0xc build/stm32f7xx_hal_gpio.o
                0x00000000080022fa                HAL_GPIO_WritePin
 .text.HAL_DMA_Abort_IT
                0x0000000008002306       0x26 build/stm32f7xx_hal_dma.o
                0x0000000008002306                HAL_DMA_Abort_IT
 .text.HAL_PWR_EnableBkUpAccess
                0x000000000800232c       0x10 build/stm32f7xx_hal_pwr.o
                0x000000000800232c                HAL_PWR_EnableBkUpAccess
 .text.HAL_PWREx_EnableOverDrive
                0x000000000800233c       0x7c build/stm32f7xx_hal_pwr_ex.o
                0x000000000800233c                HAL_PWREx_EnableOverDrive
 .text.HAL_InitTick
                0x00000000080023b8       0x4c build/stm32f7xx_hal.o
                0x00000000080023b8                HAL_InitTick
 .text.HAL_Init
                0x0000000008002404       0x16 build/stm32f7xx_hal.o
                0x0000000008002404                HAL_Init
 *fill*         0x000000000800241a        0x2 
 .text.HAL_IncTick
                0x000000000800241c       0x18 build/stm32f7xx_hal.o
                0x000000000800241c                HAL_IncTick
 .text.HAL_GetTick
                0x0000000008002434        0xc build/stm32f7xx_hal.o
                0x0000000008002434                HAL_GetTick
 .text.HAL_Delay
                0x0000000008002440       0x28 build/stm32f7xx_hal.o
                0x0000000008002440                HAL_Delay
 .text.HAL_I2C_Init
                0x0000000008002468       0xbc build/stm32f7xx_hal_i2c.o
                0x0000000008002468                HAL_I2C_Init
 .text.HAL_I2CEx_ConfigAnalogFilter
                0x0000000008002524       0x5c build/stm32f7xx_hal_i2c_ex.o
                0x0000000008002524                HAL_I2CEx_ConfigAnalogFilter
 .text.HAL_I2CEx_ConfigDigitalFilter
                0x0000000008002580       0x58 build/stm32f7xx_hal_i2c_ex.o
                0x0000000008002580                HAL_I2CEx_ConfigDigitalFilter
 .text.SPI_WaitFlagStateUntilTimeout
                0x00000000080025d8       0xd4 build/stm32f7xx_hal_spi.o
 .text.SPI_WaitFifoStateUntilTimeout
                0x00000000080026ac       0xf4 build/stm32f7xx_hal_spi.o
 .text.SPI_EndRxTxTransaction
                0x00000000080027a0       0xa0 build/stm32f7xx_hal_spi.o
 .text.HAL_SPI_Init
                0x0000000008002840       0xe8 build/stm32f7xx_hal_spi.o
                0x0000000008002840                HAL_SPI_Init
 .text.HAL_SPI_Transmit
                0x0000000008002928      0x200 build/stm32f7xx_hal_spi.o
                0x0000000008002928                HAL_SPI_Transmit
 .text.HAL_SPI_TransmitReceive
                0x0000000008002b28      0x2d8 build/stm32f7xx_hal_spi.o
                0x0000000008002b28                HAL_SPI_TransmitReceive
 .text.HAL_SPI_IRQHandler
                0x0000000008002e00      0x124 build/stm32f7xx_hal_spi.o
                0x0000000008002e00                HAL_SPI_IRQHandler
 .text.SPI_DMAAbortOnError
                0x0000000008002f24       0x12 build/stm32f7xx_hal_spi.o
 *fill*         0x0000000008002f36        0x2 
 .text.UART_SetConfig
                0x0000000008002f38      0x330 build/stm32f7xx_hal_uart.o
                0x0000000008002f38                UART_SetConfig
 .text.UART_AdvFeatureConfig
                0x0000000008003268       0xca build/stm32f7xx_hal_uart.o
                0x0000000008003268                UART_AdvFeatureConfig
 .text.UART_WaitOnFlagUntilTimeout
                0x0000000008003332       0xd8 build/stm32f7xx_hal_uart.o
                0x0000000008003332                UART_WaitOnFlagUntilTimeout
 .text.HAL_UART_Transmit
                0x000000000800340a       0xbc build/stm32f7xx_hal_uart.o
                0x000000000800340a                HAL_UART_Transmit
 .text.UART_CheckIdleState
                0x00000000080034c6       0x4c build/stm32f7xx_hal_uart.o
                0x00000000080034c6                UART_CheckIdleState
 .text.HAL_UART_Init
                0x0000000008003512       0x62 build/stm32f7xx_hal_uart.o
                0x0000000008003512                HAL_UART_Init
 .text.HAL_PCD_Init
                0x0000000008003574      0x13c build/stm32f7xx_hal_pcd.o
                0x0000000008003574                HAL_PCD_Init
 .text.HAL_PCDEx_ActivateLPM
                0x00000000080036b0       0x28 build/stm32f7xx_hal_pcd_ex.o
                0x00000000080036b0                HAL_PCDEx_ActivateLPM
 .text.USB_CoreReset
                0x00000000080036d8       0x50 build/stm32f7xx_ll_usb.o
 .text.USB_CoreInit
                0x0000000008003728       0x7c build/stm32f7xx_ll_usb.o
                0x0000000008003728                USB_CoreInit
 .text.USB_DisableGlobalInt
                0x00000000080037a4        0xc build/stm32f7xx_ll_usb.o
                0x00000000080037a4                USB_DisableGlobalInt
 .text.USB_FlushTxFifo
                0x00000000080037b0       0x50 build/stm32f7xx_ll_usb.o
                0x00000000080037b0                USB_FlushTxFifo
 .text.USB_FlushRxFifo
                0x0000000008003800       0x4c build/stm32f7xx_ll_usb.o
                0x0000000008003800                USB_FlushRxFifo
 .text.USB_SetDevSpeed
                0x000000000800384c        0xe build/stm32f7xx_ll_usb.o
                0x000000000800384c                USB_SetDevSpeed
 *fill*         0x000000000800385a        0x2 
 .text.USB_DevInit
                0x000000000800385c      0x188 build/stm32f7xx_ll_usb.o
                0x000000000800385c                USB_DevInit
 .text.USB_DevDisconnect
                0x00000000080039e4       0x1c build/stm32f7xx_ll_usb.o
                0x00000000080039e4                USB_DevDisconnect
 .text.USB_GetMode
                0x0000000008003a00        0x8 build/stm32f7xx_ll_usb.o
                0x0000000008003a00                USB_GetMode
 .text.USB_SetCurrentMode
                0x0000000008003a08       0x62 build/stm32f7xx_ll_usb.o
                0x0000000008003a08                USB_SetCurrentMode
 *fill*         0x0000000008003a6a        0x2 
 .text.SystemInit
                0x0000000008003a6c       0x14 build/system_stm32f7xx.o
                0x0000000008003a6c                SystemInit
 .text.MX_I2C1_Init
                0x0000000008003a80       0x58 build/i2c.o
                0x0000000008003a80                MX_I2C1_Init
 .text.HAL_I2C_MspInit
                0x0000000008003ad8       0x8c build/i2c.o
                0x0000000008003ad8                HAL_I2C_MspInit
 .text.HAL_SPI_ErrorCallback
                0x0000000008003b64        0x8 build/cocktail_spi.o
                0x0000000008003b64                HAL_SPI_ErrorCallback
 .text.MAX11254_is_data_ready
                0x0000000008003b6c       0x12 build/max11254.o
                0x0000000008003b6c                MAX11254_is_data_ready
 .text.MAX11254_command_nowait
                0x0000000008003b7e       0x3e build/max11254.o
                0x0000000008003b7e                MAX11254_command_nowait
 .text.MAX11254_reg_read_nowait
                0x0000000008003bbc       0x40 build/max11254.o
                0x0000000008003bbc                MAX11254_reg_read_nowait
 .text.MAX11254_reset_nowait
                0x0000000008003bfc       0x6c build/max11254.o
                0x0000000008003bfc                MAX11254_reset_nowait
 .text.MAX11254_convert_nowait
                0x0000000008003c68       0x60 build/max11254.o
                0x0000000008003c68                MAX11254_convert_nowait
 .text.MAX11254_reg_write_nowait
                0x0000000008003cc8       0x42 build/max11254.o
                0x0000000008003cc8                MAX11254_reg_write_nowait
 .text.MAX11254_set_rate
                0x0000000008003d0a        0x8 build/max11254.o
                0x0000000008003d0a                MAX11254_set_rate
 .text.MAX11254_Init
                0x0000000008003d12       0x6e build/max11254.o
                0x0000000008003d12                MAX11254_Init
 .text.MAX11254_preset_multichannel_scan
                0x0000000008003d80      0x1e8 build/max11254.o
                0x0000000008003d80                MAX11254_preset_multichannel_scan
 .text.MAX11254_decode_stat
                0x0000000008003f68       0xf4 build/max11254_register.o
                0x0000000008003f68                MAX11254_decode_stat
 .text.MAX11254_encode_ctrl2
                0x000000000800405c       0x30 build/max11254_register.o
                0x000000000800405c                MAX11254_encode_ctrl2
 .text.MAX11254_encode_delay
                0x000000000800408c       0x18 build/max11254_register.o
                0x000000000800408c                MAX11254_encode_delay
 .text.MAX11254_encode_chmap1
                0x00000000080040a4       0x72 build/max11254_register.o
                0x00000000080040a4                MAX11254_encode_chmap1
 .text.MAX11254_encode_chmap0
                0x0000000008004116       0x72 build/max11254_register.o
                0x0000000008004116                MAX11254_encode_chmap0
 .text.MAX11254_encode_seq
                0x0000000008004188       0x28 build/max11254_register.o
                0x0000000008004188                MAX11254_encode_seq
 .text.MAX11254_in_conversion
                0x00000000080041b0       0x16 build/max11254_register.o
                0x00000000080041b0                MAX11254_in_conversion
 .text.MAX11254_in_standby
                0x00000000080041c6       0x18 build/max11254_register.o
                0x00000000080041c6                MAX11254_in_standby
 *fill*         0x00000000080041de        0x2 
 .text.Reset_Handler
                0x00000000080041e0       0x50 build/startup_stm32f746xx.o
                0x00000000080041e0                Reset_Handler
 .text.Default_Handler
                0x0000000008004230        0x2 build/startup_stm32f746xx.o
                0x0000000008004230                RTC_Alarm_IRQHandler
                0x0000000008004230                EXTI2_IRQHandler
                0x0000000008004230                TIM8_CC_IRQHandler
                0x0000000008004230                UART8_IRQHandler
                0x0000000008004230                SPI4_IRQHandler
                0x0000000008004230                TIM1_CC_IRQHandler
                0x0000000008004230                DMA2_Stream5_IRQHandler
                0x0000000008004230                DMA1_Stream5_IRQHandler
                0x0000000008004230                PVD_IRQHandler
                0x0000000008004230                TAMP_STAMP_IRQHandler
                0x0000000008004230                CAN2_RX1_IRQHandler
                0x0000000008004230                EXTI3_IRQHandler
                0x0000000008004230                TIM8_TRG_COM_TIM14_IRQHandler
                0x0000000008004230                TIM1_UP_TIM10_IRQHandler
                0x0000000008004230                TIM8_UP_TIM13_IRQHandler
                0x0000000008004230                I2C3_ER_IRQHandler
                0x0000000008004230                EXTI0_IRQHandler
                0x0000000008004230                I2C2_EV_IRQHandler
                0x0000000008004230                DMA1_Stream2_IRQHandler
                0x0000000008004230                CAN1_RX0_IRQHandler
                0x0000000008004230                FPU_IRQHandler
                0x0000000008004230                OTG_HS_WKUP_IRQHandler
                0x0000000008004230                LTDC_ER_IRQHandler
                0x0000000008004230                CAN2_SCE_IRQHandler
                0x0000000008004230                DMA2_Stream2_IRQHandler
                0x0000000008004230                SPI1_IRQHandler
                0x0000000008004230                TIM6_DAC_IRQHandler
                0x0000000008004230                TIM1_BRK_TIM9_IRQHandler
                0x0000000008004230                DCMI_IRQHandler
                0x0000000008004230                CAN2_RX0_IRQHandler
                0x0000000008004230                DMA2_Stream3_IRQHandler
                0x0000000008004230                SAI2_IRQHandler
                0x0000000008004230                USART6_IRQHandler
                0x0000000008004230                USART3_IRQHandler
                0x0000000008004230                CAN1_RX1_IRQHandler
                0x0000000008004230                UART5_IRQHandler
                0x0000000008004230                DMA2_Stream0_IRQHandler
                0x0000000008004230                TIM4_IRQHandler
                0x0000000008004230                QUADSPI_IRQHandler
                0x0000000008004230                I2C1_EV_IRQHandler
                0x0000000008004230                DMA1_Stream6_IRQHandler
                0x0000000008004230                DMA1_Stream1_IRQHandler
                0x0000000008004230                UART4_IRQHandler
                0x0000000008004230                TIM3_IRQHandler
                0x0000000008004230                RCC_IRQHandler
                0x0000000008004230                TIM8_BRK_TIM12_IRQHandler
                0x0000000008004230                Default_Handler
                0x0000000008004230                CEC_IRQHandler
                0x0000000008004230                EXTI15_10_IRQHandler
                0x0000000008004230                ADC_IRQHandler
                0x0000000008004230                DMA1_Stream7_IRQHandler
                0x0000000008004230                TIM7_IRQHandler
                0x0000000008004230                SDMMC1_IRQHandler
                0x0000000008004230                CAN2_TX_IRQHandler
                0x0000000008004230                TIM5_IRQHandler
                0x0000000008004230                DMA2_Stream7_IRQHandler
                0x0000000008004230                I2C3_EV_IRQHandler
                0x0000000008004230                EXTI9_5_IRQHandler
                0x0000000008004230                RTC_WKUP_IRQHandler
                0x0000000008004230                LTDC_IRQHandler
                0x0000000008004230                ETH_WKUP_IRQHandler
                0x0000000008004230                SPDIF_RX_IRQHandler
                0x0000000008004230                SPI2_IRQHandler
                0x0000000008004230                OTG_HS_EP1_IN_IRQHandler
                0x0000000008004230                DMA1_Stream0_IRQHandler
                0x0000000008004230                CAN1_TX_IRQHandler
                0x0000000008004230                EXTI4_IRQHandler
                0x0000000008004230                RNG_IRQHandler
                0x0000000008004230                ETH_IRQHandler
                0x0000000008004230                OTG_HS_EP1_OUT_IRQHandler
                0x0000000008004230                WWDG_IRQHandler
                0x0000000008004230                SPI6_IRQHandler
                0x0000000008004230                I2C4_EV_IRQHandler
                0x0000000008004230                TIM2_IRQHandler
                0x0000000008004230                OTG_FS_WKUP_IRQHandler
                0x0000000008004230                TIM1_TRG_COM_TIM11_IRQHandler
                0x0000000008004230                OTG_HS_IRQHandler
                0x0000000008004230                DMA2D_IRQHandler
                0x0000000008004230                EXTI1_IRQHandler
                0x0000000008004230                UART7_IRQHandler
                0x0000000008004230                USART2_IRQHandler
                0x0000000008004230                I2C2_ER_IRQHandler
                0x0000000008004230                DMA2_Stream1_IRQHandler
                0x0000000008004230                CAN1_SCE_IRQHandler
                0x0000000008004230                FLASH_IRQHandler
                0x0000000008004230                DMA2_Stream4_IRQHandler
                0x0000000008004230                USART1_IRQHandler
                0x0000000008004230                OTG_FS_IRQHandler
                0x0000000008004230                SPI3_IRQHandler
                0x0000000008004230                DMA1_Stream4_IRQHandler
                0x0000000008004230                I2C1_ER_IRQHandler
                0x0000000008004230                FMC_IRQHandler
                0x0000000008004230                LPTIM1_IRQHandler
                0x0000000008004230                I2C4_ER_IRQHandler
                0x0000000008004230                DMA2_Stream6_IRQHandler
                0x0000000008004230                SAI1_IRQHandler
                0x0000000008004230                DMA1_Stream3_IRQHandler
 *fill*         0x0000000008004232        0x2 
 .text.__libc_init_array
                0x0000000008004234       0x48 /usr/share/gcc-arm-none-eabi-10.3-2021.10/bin/../lib/gcc/arm-none-eabi/10.3.1/../../../../arm-none-eabi/lib/thumb/v7e-m+fp/hard/libc_nano.a(lib_a-init.o)
                0x0000000008004234                __libc_init_array
 .text.malloc   0x000000000800427c       0x10 /usr/share/gcc-arm-none-eabi-10.3-2021.10/bin/../lib/gcc/arm-none-eabi/10.3.1/../../../../arm-none-eabi/lib/thumb/v7e-m+fp/hard/libc_nano.a(lib_a-malloc.o)
                0x000000000800427c                malloc
 .text.free     0x000000000800428c       0x10 /usr/share/gcc-arm-none-eabi-10.3-2021.10/bin/../lib/gcc/arm-none-eabi/10.3.1/../../../../arm-none-eabi/lib/thumb/v7e-m+fp/hard/libc_nano.a(lib_a-malloc.o)
                0x000000000800428c                free
 .text.memcpy   0x000000000800429c       0x1c /usr/share/gcc-arm-none-eabi-10.3-2021.10/bin/../lib/gcc/arm-none-eabi/10.3.1/../../../../arm-none-eabi/lib/thumb/v7e-m+fp/hard/libc_nano.a(lib_a-memcpy-stub.o)
                0x000000000800429c                memcpy
 .text.memset   0x00000000080042b8       0x10 /usr/share/gcc-arm-none-eabi-10.3-2021.10/bin/../lib/gcc/arm-none-eabi/10.3.1/../../../../arm-none-eabi/lib/thumb/v7e-m+fp/hard/libc_nano.a(lib_a-memset.o)
                0x00000000080042b8                memset
 .text._free_r  0x00000000080042c8       0x98 /usr/share/gcc-arm-none-eabi-10.3-2021.10/bin/../lib/gcc/arm-none-eabi/10.3.1/../../../../arm-none-eabi/lib/thumb/v7e-m+fp/hard/libc_nano.a(lib_a-nano-freer.o)
                0x00000000080042c8                _free_r
 .text.sbrk_aligned
                0x0000000008004360       0x40 /usr/share/gcc-arm-none-eabi-10.3-2021.10/bin/../lib/gcc/arm-none-eabi/10.3.1/../../../../arm-none-eabi/lib/thumb/v7e-m+fp/hard/libc_nano.a(lib_a-nano-mallocr.o)
 .text._malloc_r
                0x00000000080043a0       0xe8 /usr/share/gcc-arm-none-eabi-10.3-2021.10/bin/../lib/gcc/arm-none-eabi/10.3.1/../../../../arm-none-eabi/lib/thumb/v7e-m+fp/hard/libc_nano.a(lib_a-nano-mallocr.o)
                0x00000000080043a0                _malloc_r
 .text._sbrk_r  0x0000000008004488       0x20 /usr/share/gcc-arm-none-eabi-10.3-2021.10/bin/../lib/gcc/arm-none-eabi/10.3.1/../../../../arm-none-eabi/lib/thumb/v7e-m+fp/hard/libc_nano.a(lib_a-sbrkr.o)
                0x0000000008004488                _sbrk_r
 .text.sprintf  0x00000000080044a8       0x40 /usr/share/gcc-arm-none-eabi-10.3-2021.10/bin/../lib/gcc/arm-none-eabi/10.3.1/../../../../arm-none-eabi/lib/thumb/v7e-m+fp/hard/libc_nano.a(lib_a-sprintf.o)
                0x00000000080044a8                sprintf
                0x00000000080044a8                siprintf
 .text.__malloc_lock
                0x00000000080044e8        0xc /usr/share/gcc-arm-none-eabi-10.3-2021.10/bin/../lib/gcc/arm-none-eabi/10.3.1/../../../../arm-none-eabi/lib/thumb/v7e-m+fp/hard/libc_nano.a(lib_a-mlock.o)
                0x00000000080044e8                __malloc_lock
 .text.__malloc_unlock
                0x00000000080044f4        0xc /usr/share/gcc-arm-none-eabi-10.3-2021.10/bin/../lib/gcc/arm-none-eabi/10.3.1/../../../../arm-none-eabi/lib/thumb/v7e-m+fp/hard/libc_nano.a(lib_a-mlock.o)
                0x00000000080044f4                __malloc_unlock
 .text.__ssputs_r
                0x0000000008004500       0xb6 /usr/share/gcc-arm-none-eabi-10.3-2021.10/bin/../lib/gcc/arm-none-eabi/10.3.1/../../../../arm-none-eabi/lib/thumb/v7e-m+fp/hard/libc_nano.a(lib_a-nano-svfprintf.o)
                0x0000000008004500                __ssputs_r
 *fill*         0x00000000080045b6        0x2 
 .text._svfprintf_r
                0x00000000080045b8      0x200 /usr/share/gcc-arm-none-eabi-10.3-2021.10/bin/../lib/gcc/arm-none-eabi/10.3.1/../../../../arm-none-eabi/lib/thumb/v7e-m+fp/hard/libc_nano.a(lib_a-nano-svfprintf.o)
                0x00000000080045b8                _svfprintf_r
                0x00000000080045b8                _svfiprintf_r
 .text._printf_common
                0x00000000080047b8       0xda /usr/share/gcc-arm-none-eabi-10.3-2021.10/bin/../lib/gcc/arm-none-eabi/10.3.1/../../../../arm-none-eabi/lib/thumb/v7e-m+fp/hard/libc_nano.a(lib_a-nano-vfprintf_i.o)
                0x00000000080047b8                _printf_common
 *fill*         0x0000000008004892        0x2 
 .text._printf_i
                0x0000000008004894      0x24c /usr/share/gcc-arm-none-eabi-10.3-2021.10/bin/../lib/gcc/arm-none-eabi/10.3.1/../../../../arm-none-eabi/lib/thumb/v7e-m+fp/hard/libc_nano.a(lib_a-nano-vfprintf_i.o)
                0x0000000008004894                _printf_i
 .text.__retarget_lock_acquire_recursive
                0x0000000008004ae0        0x2 /usr/share/gcc-arm-none-eabi-10.3-2021.10/bin/../lib/gcc/arm-none-eabi/10.3.1/../../../../arm-none-eabi/lib/thumb/v7e-m+fp/hard/libc_nano.a(lib_a-lock.o)
                0x0000000008004ae0                __retarget_lock_acquire_recursive
 .text.__retarget_lock_release_recursive
                0x0000000008004ae2        0x2 /usr/share/gcc-arm-none-eabi-10.3-2021.10/bin/../lib/gcc/arm-none-eabi/10.3.1/../../../../arm-none-eabi/lib/thumb/v7e-m+fp/hard/libc_nano.a(lib_a-lock.o)
                0x0000000008004ae2                __retarget_lock_release_recursive
 .text.memmove  0x0000000008004ae4       0x34 /usr/share/gcc-arm-none-eabi-10.3-2021.10/bin/../lib/gcc/arm-none-eabi/10.3.1/../../../../arm-none-eabi/lib/thumb/v7e-m+fp/hard/libc_nano.a(lib_a-memmove.o)
                0x0000000008004ae4                memmove
 .text._realloc_r
                0x0000000008004b18       0x5e /usr/share/gcc-arm-none-eabi-10.3-2021.10/bin/../lib/gcc/arm-none-eabi/10.3.1/../../../../arm-none-eabi/lib/thumb/v7e-m+fp/hard/libc_nano.a(lib_a-nano-reallocr.o)
                0x0000000008004b18                _realloc_r
 .text._malloc_usable_size_r
                0x0000000008004b76       0x10 /usr/share/gcc-arm-none-eabi-10.3-2021.10/bin/../lib/gcc/arm-none-eabi/10.3.1/../../../../arm-none-eabi/lib/thumb/v7e-m+fp/hard/libc_nano.a(lib_a-nano-msizer.o)
                0x0000000008004b76                _malloc_usable_size_r
 *fill*         0x0000000008004b86        0x2 
 .text._sbrk    0x0000000008004b88       0x1c /usr/share/gcc-arm-none-eabi-10.3-2021.10/bin/../lib/gcc/arm-none-eabi/10.3.1/../../../../arm-none-eabi/lib/thumb/v7e-m+fp/hard/libnosys.a(sbrk.o)
                0x0000000008004b88                _sbrk
 *(.glue_7)
 .glue_7        0x0000000008004ba4        0x0 linker stubs
 *(.glue_7t)
 .glue_7t       0x0000000008004ba4        0x0 linker stubs
 *(.eh_frame)
 .eh_frame      0x0000000008004ba4        0x0 /usr/share/gcc-arm-none-eabi-10.3-2021.10/bin/../lib/gcc/arm-none-eabi/10.3.1/thumb/v7e-m+fp/hard/crtbegin.o
 *(.init)
 .init          0x0000000008004ba4        0x4 /usr/share/gcc-arm-none-eabi-10.3-2021.10/bin/../lib/gcc/arm-none-eabi/10.3.1/thumb/v7e-m+fp/hard/crti.o
                0x0000000008004ba4                _init
 .init          0x0000000008004ba8        0x8 /usr/share/gcc-arm-none-eabi-10.3-2021.10/bin/../lib/gcc/arm-none-eabi/10.3.1/thumb/v7e-m+fp/hard/crtn.o
 *(.fini)
 .fini          0x0000000008004bb0        0x4 /usr/share/gcc-arm-none-eabi-10.3-2021.10/bin/../lib/gcc/arm-none-eabi/10.3.1/thumb/v7e-m+fp/hard/crti.o
                0x0000000008004bb0                _fini
 .fini          0x0000000008004bb4        0x8 /usr/share/gcc-arm-none-eabi-10.3-2021.10/bin/../lib/gcc/arm-none-eabi/10.3.1/thumb/v7e-m+fp/hard/crtn.o
                0x0000000008004bbc                . = ALIGN (0x4)
                0x0000000008004bbc                _etext = .

.vfp11_veneer   0x0000000008004bbc        0x0
 .vfp11_veneer  0x0000000008004bbc        0x0 linker stubs

.v4_bx          0x0000000008004bbc        0x0
 .v4_bx         0x0000000008004bbc        0x0 linker stubs

.iplt           0x0000000008004bbc        0x0
 .iplt          0x0000000008004bbc        0x0 /usr/share/gcc-arm-none-eabi-10.3-2021.10/bin/../lib/gcc/arm-none-eabi/10.3.1/thumb/v7e-m+fp/hard/crtbegin.o

.rodata         0x0000000008004bbc       0x64
                0x0000000008004bbc                . = ALIGN (0x4)
 *(.rodata)
 .rodata        0x0000000008004bbc        0x5 build/max11254.o
 *(.rodata*)
 *fill*         0x0000000008004bc1        0x3 
 .rodata.print_data.str1.4
                0x0000000008004bc4       0x10 build/max11254_loadcell.o
 .rodata.AHBPrescTable
                0x0000000008004bd4       0x10 build/system_stm32f7xx.o
                0x0000000008004bd4                AHBPrescTable
 .rodata.APBPrescTable
                0x0000000008004be4        0x8 build/system_stm32f7xx.o
                0x0000000008004be4                APBPrescTable
 .rodata._svfprintf_r.str1.1
                0x0000000008004bec       0x11 /usr/share/gcc-arm-none-eabi-10.3-2021.10/bin/../lib/gcc/arm-none-eabi/10.3.1/../../../../arm-none-eabi/lib/thumb/v7e-m+fp/hard/libc_nano.a(lib_a-nano-svfprintf.o)
 .rodata._printf_i.str1.1
                0x0000000008004bfd       0x22 /usr/share/gcc-arm-none-eabi-10.3-2021.10/bin/../lib/gcc/arm-none-eabi/10.3.1/../../../../arm-none-eabi/lib/thumb/v7e-m+fp/hard/libc_nano.a(lib_a-nano-vfprintf_i.o)
                0x0000000008004c20                . = ALIGN (0x4)
 *fill*         0x0000000008004c1f        0x1 

.ARM.extab
 *(.ARM.extab* .gnu.linkonce.armextab.*)

.ARM            0x0000000008004c20        0x8
                0x0000000008004c20                __exidx_start = .
 *(.ARM.exidx*)
 .ARM.exidx     0x0000000008004c20        0x8 /usr/share/gcc-arm-none-eabi-10.3-2021.10/bin/../lib/gcc/arm-none-eabi/10.3.1/thumb/v7e-m+fp/hard/libgcc.a(_udivmoddi4.o)
                0x0000000008004c28                __exidx_end = .

.rel.dyn        0x0000000008004c28        0x0
 .rel.iplt      0x0000000008004c28        0x0 /usr/share/gcc-arm-none-eabi-10.3-2021.10/bin/../lib/gcc/arm-none-eabi/10.3.1/thumb/v7e-m+fp/hard/crtbegin.o

.preinit_array  0x0000000008004c28        0x0
                0x0000000008004c28                PROVIDE (__preinit_array_start = .)
 *(.preinit_array*)
                0x0000000008004c28                PROVIDE (__preinit_array_end = .)

.init_array     0x0000000008004c28        0x4
                0x0000000008004c28                PROVIDE (__init_array_start = .)
 *(SORT_BY_NAME(.init_array.*))
 *(.init_array*)
 .init_array    0x0000000008004c28        0x4 /usr/share/gcc-arm-none-eabi-10.3-2021.10/bin/../lib/gcc/arm-none-eabi/10.3.1/thumb/v7e-m+fp/hard/crtbegin.o
                0x0000000008004c2c                PROVIDE (__init_array_end = .)

.fini_array     0x0000000008004c2c        0x4
                [!provide]                        PROVIDE (__fini_array_start = .)
 *(SORT_BY_NAME(.fini_array.*))
 *(.fini_array*)
 .fini_array    0x0000000008004c2c        0x4 /usr/share/gcc-arm-none-eabi-10.3-2021.10/bin/../lib/gcc/arm-none-eabi/10.3.1/thumb/v7e-m+fp/hard/crtbegin.o
                [!provide]                        PROVIDE (__fini_array_end = .)
                0x0000000008004c30                _sidata = LOADADDR (.data)

.data           0x0000000020000000       0x70 load address 0x0000000008004c30
                0x0000000020000000                . = ALIGN (0x4)
                0x0000000020000000                _sdata = .
 *(.data)
 *(.data*)
 .data.uwTickFreq
                0x0000000020000000        0x1 build/stm32f7xx_hal.o
                0x0000000020000000                uwTickFreq
 *fill*         0x0000000020000001        0x3 
 .data.uwTickPrio
                0x0000000020000004        0x4 build/stm32f7xx_hal.o
                0x0000000020000004                uwTickPrio
 .data.SystemCoreClock
                0x0000000020000008        0x4 build/system_stm32f7xx.o
                0x0000000020000008                SystemCoreClock
 .data._impure_ptr
                0x000000002000000c        0x4 /usr/share/gcc-arm-none-eabi-10.3-2021.10/bin/../lib/gcc/arm-none-eabi/10.3.1/../../../../arm-none-eabi/lib/thumb/v7e-m+fp/hard/libc_nano.a(lib_a-impure.o)
                0x000000002000000c                _impure_ptr
 .data.impure_data
                0x0000000020000010       0x60 /usr/share/gcc-arm-none-eabi-10.3-2021.10/bin/../lib/gcc/arm-none-eabi/10.3.1/../../../../arm-none-eabi/lib/thumb/v7e-m+fp/hard/libc_nano.a(lib_a-impure.o)
                0x0000000020000070                . = ALIGN (0x4)
                0x0000000020000070                _edata = .

.igot.plt       0x0000000020000070        0x0 load address 0x0000000008004ca0
 .igot.plt      0x0000000020000070        0x0 /usr/share/gcc-arm-none-eabi-10.3-2021.10/bin/../lib/gcc/arm-none-eabi/10.3.1/thumb/v7e-m+fp/hard/crtbegin.o
                0x0000000020000070                . = ALIGN (0x4)

.bss            0x0000000020000070      0x68c load address 0x0000000008004ca0
                0x0000000020000070                _sbss = .
                0x0000000020000070                __bss_start__ = _sbss
 *(.bss)
 .bss           0x0000000020000070       0x1c /usr/share/gcc-arm-none-eabi-10.3-2021.10/bin/../lib/gcc/arm-none-eabi/10.3.1/thumb/v7e-m+fp/hard/crtbegin.o
 *(.bss*)
 .bss.avg.0     0x000000002000008c       0x10 build/max11254_loadcell.o
 .bss.hspi5     0x000000002000009c       0x64 build/spi.o
                0x000000002000009c                hspi5
 .bss.huart3    0x0000000020000100       0x88 build/usart.o
                0x0000000020000100                huart3
 .bss.hpcd_USB_OTG_FS
                0x0000000020000188      0x508 build/usb_otg.o
                0x0000000020000188                hpcd_USB_OTG_FS
 .bss.uwTick    0x0000000020000690        0x4 build/stm32f7xx_hal.o
                0x0000000020000690                uwTick
 .bss.hi2c1     0x0000000020000694       0x54 build/i2c.o
                0x0000000020000694                hi2c1
 .bss.__malloc_free_list
                0x00000000200006e8        0x4 /usr/share/gcc-arm-none-eabi-10.3-2021.10/bin/../lib/gcc/arm-none-eabi/10.3.1/../../../../arm-none-eabi/lib/thumb/v7e-m+fp/hard/libc_nano.a(lib_a-nano-mallocr.o)
                0x00000000200006e8                __malloc_free_list
 .bss.__malloc_sbrk_start
                0x00000000200006ec        0x4 /usr/share/gcc-arm-none-eabi-10.3-2021.10/bin/../lib/gcc/arm-none-eabi/10.3.1/../../../../arm-none-eabi/lib/thumb/v7e-m+fp/hard/libc_nano.a(lib_a-nano-mallocr.o)
                0x00000000200006ec                __malloc_sbrk_start
 .bss.errno     0x00000000200006f0        0x4 /usr/share/gcc-arm-none-eabi-10.3-2021.10/bin/../lib/gcc/arm-none-eabi/10.3.1/../../../../arm-none-eabi/lib/thumb/v7e-m+fp/hard/libc_nano.a(lib_a-reent.o)
                0x00000000200006f0                errno
 .bss.__lock___malloc_recursive_mutex
                0x00000000200006f4        0x1 /usr/share/gcc-arm-none-eabi-10.3-2021.10/bin/../lib/gcc/arm-none-eabi/10.3.1/../../../../arm-none-eabi/lib/thumb/v7e-m+fp/hard/libc_nano.a(lib_a-lock.o)
                0x00000000200006f4                __lock___malloc_recursive_mutex
 *fill*         0x00000000200006f5        0x3 
 .bss.heap_end.0
                0x00000000200006f8        0x4 /usr/share/gcc-arm-none-eabi-10.3-2021.10/bin/../lib/gcc/arm-none-eabi/10.3.1/../../../../arm-none-eabi/lib/thumb/v7e-m+fp/hard/libnosys.a(sbrk.o)
 *(COMMON)
                0x00000000200006fc                . = ALIGN (0x4)
                0x00000000200006fc                _ebss = .
                0x00000000200006fc                __bss_end__ = _ebss

._user_heap_stack
                0x00000000200006fc      0x604 load address 0x0000000008004ca0
                0x0000000020000700                . = ALIGN (0x8)
 *fill*         0x00000000200006fc        0x4 
                0x0000000020000700                PROVIDE (end = .)
                [!provide]                        PROVIDE (_end = .)
                0x0000000020000900                . = (. + _Min_Heap_Size)
 *fill*         0x0000000020000700      0x200 
                0x0000000020000d00                . = (. + _Min_Stack_Size)
 *fill*         0x0000000020000900      0x400 
                0x0000000020000d00                . = ALIGN (0x8)

/DISCARD/
 libc.a(*)
 libm.a(*)
 libgcc.a(*)

.ARM.attributes
                0x0000000000000000       0x30
 *(.ARM.attributes)
 .ARM.attributes
                0x0000000000000000       0x1e /usr/share/gcc-arm-none-eabi-10.3-2021.10/bin/../lib/gcc/arm-none-eabi/10.3.1/thumb/v7e-m+fp/hard/crti.o
 .ARM.attributes
                0x000000000000001e       0x34 /usr/share/gcc-arm-none-eabi-10.3-2021.10/bin/../lib/gcc/arm-none-eabi/10.3.1/thumb/v7e-m+fp/hard/crtbegin.o
 .ARM.attributes
                0x0000000000000052       0x34 build/max11254_loadcell.o
 .ARM.attributes
                0x0000000000000086       0x34 build/main.o
 .ARM.attributes
                0x00000000000000ba       0x34 build/gpio.o
 .ARM.attributes
                0x00000000000000ee       0x34 build/spi.o
 .ARM.attributes
                0x0000000000000122       0x34 build/usart.o
 .ARM.attributes
                0x0000000000000156       0x34 build/usb_otg.o
 .ARM.attributes
                0x000000000000018a       0x34 build/stm32f7xx_it.o
 .ARM.attributes
                0x00000000000001be       0x34 build/stm32f7xx_hal_msp.o
 .ARM.attributes
                0x00000000000001f2       0x34 build/stm32f7xx_hal_cortex.o
 .ARM.attributes
                0x0000000000000226       0x34 build/stm32f7xx_hal_rcc.o
 .ARM.attributes
                0x000000000000025a       0x34 build/stm32f7xx_hal_rcc_ex.o
 .ARM.attributes
                0x000000000000028e       0x34 build/stm32f7xx_hal_gpio.o
 .ARM.attributes
                0x00000000000002c2       0x34 build/stm32f7xx_hal_dma.o
 .ARM.attributes
                0x00000000000002f6       0x34 build/stm32f7xx_hal_pwr.o
 .ARM.attributes
                0x000000000000032a       0x34 build/stm32f7xx_hal_pwr_ex.o
 .ARM.attributes
                0x000000000000035e       0x34 build/stm32f7xx_hal.o
 .ARM.attributes
                0x0000000000000392       0x34 build/stm32f7xx_hal_i2c.o
 .ARM.attributes
                0x00000000000003c6       0x34 build/stm32f7xx_hal_i2c_ex.o
 .ARM.attributes
                0x00000000000003fa       0x34 build/stm32f7xx_hal_spi.o
 .ARM.attributes
                0x000000000000042e       0x34 build/stm32f7xx_hal_uart.o
 .ARM.attributes
                0x0000000000000462       0x34 build/stm32f7xx_hal_pcd.o
 .ARM.attributes
                0x0000000000000496       0x34 build/stm32f7xx_hal_pcd_ex.o
 .ARM.attributes
                0x00000000000004ca       0x34 build/stm32f7xx_ll_usb.o
 .ARM.attributes
                0x00000000000004fe       0x34 build/system_stm32f7xx.o
 .ARM.attributes
                0x0000000000000532       0x34 build/i2c.o
 .ARM.attributes
                0x0000000000000566       0x34 build/cocktail_spi.o
 .ARM.attributes
                0x000000000000059a       0x34 build/max11254.o
 .ARM.attributes
                0x00000000000005ce       0x34 build/max11254_register.o
 .ARM.attributes
                0x0000000000000602       0x21 build/startup_stm32f746xx.o
 .ARM.attributes
                0x0000000000000623       0x34 /usr/share/gcc-arm-none-eabi-10.3-2021.10/bin/../lib/gcc/arm-none-eabi/10.3.1/../../../../arm-none-eabi/lib/thumb/v7e-m+fp/hard/libc_nano.a(lib_a-impure.o)
 .ARM.attributes
                0x0000000000000657       0x34 /usr/share/gcc-arm-none-eabi-10.3-2021.10/bin/../lib/gcc/arm-none-eabi/10.3.1/../../../../arm-none-eabi/lib/thumb/v7e-m+fp/hard/libc_nano.a(lib_a-init.o)
 .ARM.attributes
                0x000000000000068b       0x34 /usr/share/gcc-arm-none-eabi-10.3-2021.10/bin/../lib/gcc/arm-none-eabi/10.3.1/../../../../arm-none-eabi/lib/thumb/v7e-m+fp/hard/libc_nano.a(lib_a-malloc.o)
 .ARM.attributes
                0x00000000000006bf       0x34 /usr/share/gcc-arm-none-eabi-10.3-2021.10/bin/../lib/gcc/arm-none-eabi/10.3.1/../../../../arm-none-eabi/lib/thumb/v7e-m+fp/hard/libc_nano.a(lib_a-memcpy-stub.o)
 .ARM.attributes
                0x00000000000006f3       0x34 /usr/share/gcc-arm-none-eabi-10.3-2021.10/bin/../lib/gcc/arm-none-eabi/10.3.1/../../../../arm-none-eabi/lib/thumb/v7e-m+fp/hard/libc_nano.a(lib_a-memset.o)
 .ARM.attributes
                0x0000000000000727       0x34 /usr/share/gcc-arm-none-eabi-10.3-2021.10/bin/../lib/gcc/arm-none-eabi/10.3.1/../../../../arm-none-eabi/lib/thumb/v7e-m+fp/hard/libc_nano.a(lib_a-nano-freer.o)
 .ARM.attributes
                0x000000000000075b       0x34 /usr/share/gcc-arm-none-eabi-10.3-2021.10/bin/../lib/gcc/arm-none-eabi/10.3.1/../../../../arm-none-eabi/lib/thumb/v7e-m+fp/hard/libc_nano.a(lib_a-nano-mallocr.o)
 .ARM.attributes
                0x000000000000078f       0x34 /usr/share/gcc-arm-none-eabi-10.3-2021.10/bin/../lib/gcc/arm-none-eabi/10.3.1/../../../../arm-none-eabi/lib/thumb/v7e-m+fp/hard/libc_nano.a(lib_a-sbrkr.o)
 .ARM.attributes
                0x00000000000007c3       0x34 /usr/share/gcc-arm-none-eabi-10.3-2021.10/bin/../lib/gcc/arm-none-eabi/10.3.1/../../../../arm-none-eabi/lib/thumb/v7e-m+fp/hard/libc_nano.a(lib_a-sprintf.o)
 .ARM.attributes
                0x00000000000007f7       0x17 /usr/share/gcc-arm-none-eabi-10.3-2021.10/bin/../lib/gcc/arm-none-eabi/10.3.1/../../../../arm-none-eabi/lib/thumb/v7e-m+fp/hard/libc_nano.a(lib_a-strlen.o)
 .ARM.attributes
                0x000000000000080e       0x34 /usr/share/gcc-arm-none-eabi-10.3-2021.10/bin/../lib/gcc/arm-none-eabi/10.3.1/../../../../arm-none-eabi/lib/thumb/v7e-m+fp/hard/libc_nano.a(lib_a-mlock.o)
 .ARM.attributes
                0x0000000000000842       0x34 /usr/share/gcc-arm-none-eabi-10.3-2021.10/bin/../lib/gcc/arm-none-eabi/10.3.1/../../../../arm-none-eabi/lib/thumb/v7e-m+fp/hard/libc_nano.a(lib_a-nano-svfprintf.o)
 .ARM.attributes
                0x0000000000000876       0x34 /usr/share/gcc-arm-none-eabi-10.3-2021.10/bin/../lib/gcc/arm-none-eabi/10.3.1/../../../../arm-none-eabi/lib/thumb/v7e-m+fp/hard/libc_nano.a(lib_a-nano-vfprintf_i.o)
 .ARM.attributes
                0x00000000000008aa       0x34 /usr/share/gcc-arm-none-eabi-10.3-2021.10/bin/../lib/gcc/arm-none-eabi/10.3.1/../../../../arm-none-eabi/lib/thumb/v7e-m+fp/hard/libc_nano.a(lib_a-reent.o)
 .ARM.attributes
                0x00000000000008de       0x34 /usr/share/gcc-arm-none-eabi-10.3-2021.10/bin/../lib/gcc/arm-none-eabi/10.3.1/../../../../arm-none-eabi/lib/thumb/v7e-m+fp/hard/libc_nano.a(lib_a-lock.o)
 .ARM.attributes
                0x0000000000000912       0x1c /usr/share/gcc-arm-none-eabi-10.3-2021.10/bin/../lib/gcc/arm-none-eabi/10.3.1/../../../../arm-none-eabi/lib/thumb/v7e-m+fp/hard/libc_nano.a(lib_a-memchr.o)
 .ARM.attributes
                0x000000000000092e       0x34 /usr/share/gcc-arm-none-eabi-10.3-2021.10/bin/../lib/gcc/arm-none-eabi/10.3.1/../../../../arm-none-eabi/lib/thumb/v7e-m+fp/hard/libc_nano.a(lib_a-memmove.o)
 .ARM.attributes
                0x0000000000000962       0x34 /usr/share/gcc-arm-none-eabi-10.3-2021.10/bin/../lib/gcc/arm-none-eabi/10.3.1/../../../../arm-none-eabi/lib/thumb/v7e-m+fp/hard/libc_nano.a(lib_a-nano-reallocr.o)
 .ARM.attributes
                0x0000000000000996       0x34 /usr/share/gcc-arm-none-eabi-10.3-2021.10/bin/../lib/gcc/arm-none-eabi/10.3.1/../../../../arm-none-eabi/lib/thumb/v7e-m+fp/hard/libc_nano.a(lib_a-nano-msizer.o)
 .ARM.attributes
                0x00000000000009ca       0x34 /usr/share/gcc-arm-none-eabi-10.3-2021.10/bin/../lib/gcc/arm-none-eabi/10.3.1/../../../../arm-none-eabi/lib/thumb/v7e-m+fp/hard/libnosys.a(sbrk.o)
 .ARM.attributes
                0x00000000000009fe       0x1e /usr/share/gcc-arm-none-eabi-10.3-2021.10/bin/../lib/gcc/arm-none-eabi/10.3.1/thumb/v7e-m+fp/hard/libgcc.a(_arm_muldf3.o)
 .ARM.attributes
                0x0000000000000a1c       0x1e /usr/share/gcc-arm-none-eabi-10.3-2021.10/bin/../lib/gcc/arm-none-eabi/10.3.1/thumb/v7e-m+fp/hard/libgcc.a(_arm_addsubdf3.o)
 .ARM.attributes
                0x0000000000000a3a       0x1e /usr/share/gcc-arm-none-eabi-10.3-2021.10/bin/../lib/gcc/arm-none-eabi/10.3.1/thumb/v7e-m+fp/hard/libgcc.a(_arm_truncdfsf2.o)
 .ARM.attributes
                0x0000000000000a58       0x1e /usr/share/gcc-arm-none-eabi-10.3-2021.10/bin/../lib/gcc/arm-none-eabi/10.3.1/thumb/v7e-m+fp/hard/libgcc.a(_aeabi_uldivmod.o)
 .ARM.attributes
                0x0000000000000a76       0x34 /usr/share/gcc-arm-none-eabi-10.3-2021.10/bin/../lib/gcc/arm-none-eabi/10.3.1/thumb/v7e-m+fp/hard/libgcc.a(_udivmoddi4.o)
 .ARM.attributes
                0x0000000000000aaa       0x1e /usr/share/gcc-arm-none-eabi-10.3-2021.10/bin/../lib/gcc/arm-none-eabi/10.3.1/thumb/v7e-m+fp/hard/libgcc.a(_dvmd_tls.o)
 .ARM.attributes
                0x0000000000000ac8       0x1e /usr/share/gcc-arm-none-eabi-10.3-2021.10/bin/../lib/gcc/arm-none-eabi/10.3.1/thumb/v7e-m+fp/hard/crtn.o
OUTPUT(build/test_MAX11254.elf elf32-littlearm)
LOAD linker stubs
LOAD /usr/share/gcc-arm-none-eabi-10.3-2021.10/bin/../lib/gcc/arm-none-eabi/10.3.1/../../../../arm-none-eabi/lib/thumb/v7e-m+fp/hard/libc.a
LOAD /usr/share/gcc-arm-none-eabi-10.3-2021.10/bin/../lib/gcc/arm-none-eabi/10.3.1/../../../../arm-none-eabi/lib/thumb/v7e-m+fp/hard/libm.a
LOAD /usr/share/gcc-arm-none-eabi-10.3-2021.10/bin/../lib/gcc/arm-none-eabi/10.3.1/thumb/v7e-m+fp/hard/libgcc.a

.debug_info     0x0000000000000000    0x20b9f
 .debug_info    0x0000000000000000     0x11b0 build/max11254_loadcell.o
 .debug_info    0x00000000000011b0      0xe97 build/main.o
 .debug_info    0x0000000000002047      0x6f6 build/gpio.o
 .debug_info    0x000000000000273d      0xe70 build/spi.o
 .debug_info    0x00000000000035ad      0xee8 build/usart.o
 .debug_info    0x0000000000004495      0xe36 build/usb_otg.o
 .debug_info    0x00000000000052cb      0x7a9 build/stm32f7xx_it.o
 .debug_info    0x0000000000005a74      0x31e build/stm32f7xx_hal_msp.o
 .debug_info    0x0000000000005d92     0x13f0 build/stm32f7xx_hal_cortex.o
 .debug_info    0x0000000000007182      0xca8 build/stm32f7xx_hal_rcc.o
 .debug_info    0x0000000000007e2a      0x956 build/stm32f7xx_hal_rcc_ex.o
 .debug_info    0x0000000000008780      0x87b build/stm32f7xx_hal_gpio.o
 .debug_info    0x0000000000008ffb      0xbd1 build/stm32f7xx_hal_dma.o
 .debug_info    0x0000000000009bcc      0xaac build/stm32f7xx_hal_pwr.o
 .debug_info    0x000000000000a678      0xb1b build/stm32f7xx_hal_pwr_ex.o
 .debug_info    0x000000000000b193      0xb6c build/stm32f7xx_hal.o
 .debug_info    0x000000000000bcff     0x445f build/stm32f7xx_hal_i2c.o
 .debug_info    0x000000000001015e      0xad8 build/stm32f7xx_hal_i2c_ex.o
 .debug_info    0x0000000000010c36     0x23a3 build/stm32f7xx_hal_spi.o
 .debug_info    0x0000000000012fd9     0x5325 build/stm32f7xx_hal_uart.o
 .debug_info    0x00000000000182fe     0x1d6c build/stm32f7xx_hal_pcd.o
 .debug_info    0x000000000001a06a      0x8a1 build/stm32f7xx_hal_pcd_ex.o
 .debug_info    0x000000000001a90b     0x2256 build/stm32f7xx_ll_usb.o
 .debug_info    0x000000000001cb61      0x802 build/system_stm32f7xx.o
 .debug_info    0x000000000001d363      0xeff build/i2c.o
 .debug_info    0x000000000001e262      0x910 build/cocktail_spi.o
 .debug_info    0x000000000001eb72     0x13b5 build/max11254.o
 .debug_info    0x000000000001ff27      0xc56 build/max11254_register.o
 .debug_info    0x0000000000020b7d       0x22 build/startup_stm32f746xx.o

.debug_abbrev   0x0000000000000000     0x3b12
 .debug_abbrev  0x0000000000000000      0x27c build/max11254_loadcell.o
 .debug_abbrev  0x000000000000027c      0x230 build/main.o
 .debug_abbrev  0x00000000000004ac      0x151 build/gpio.o
 .debug_abbrev  0x00000000000005fd      0x1e0 build/spi.o
 .debug_abbrev  0x00000000000007dd      0x1f0 build/usart.o
 .debug_abbrev  0x00000000000009cd      0x1ef build/usb_otg.o
 .debug_abbrev  0x0000000000000bbc      0x17c build/stm32f7xx_it.o
 .debug_abbrev  0x0000000000000d38       0xd3 build/stm32f7xx_hal_msp.o
 .debug_abbrev  0x0000000000000e0b      0x382 build/stm32f7xx_hal_cortex.o
 .debug_abbrev  0x000000000000118d      0x271 build/stm32f7xx_hal_rcc.o
 .debug_abbrev  0x00000000000013fe      0x1f4 build/stm32f7xx_hal_rcc_ex.o
 .debug_abbrev  0x00000000000015f2      0x22b build/stm32f7xx_hal_gpio.o
 .debug_abbrev  0x000000000000181d      0x2ff build/stm32f7xx_hal_dma.o
 .debug_abbrev  0x0000000000001b1c      0x1cf build/stm32f7xx_hal_pwr.o
 .debug_abbrev  0x0000000000001ceb      0x1b8 build/stm32f7xx_hal_pwr_ex.o
 .debug_abbrev  0x0000000000001ea3      0x209 build/stm32f7xx_hal.o
 .debug_abbrev  0x00000000000020ac      0x2bd build/stm32f7xx_hal_i2c.o
 .debug_abbrev  0x0000000000002369      0x1b5 build/stm32f7xx_hal_i2c_ex.o
 .debug_abbrev  0x000000000000251e      0x28c build/stm32f7xx_hal_spi.o
 .debug_abbrev  0x00000000000027aa      0x31a build/stm32f7xx_hal_uart.o
 .debug_abbrev  0x0000000000002ac4      0x2d1 build/stm32f7xx_hal_pcd.o
 .debug_abbrev  0x0000000000002d95      0x1b4 build/stm32f7xx_hal_pcd_ex.o
 .debug_abbrev  0x0000000000002f49      0x2f9 build/stm32f7xx_ll_usb.o
 .debug_abbrev  0x0000000000003242      0x12a build/system_stm32f7xx.o
 .debug_abbrev  0x000000000000336c      0x1f4 build/i2c.o
 .debug_abbrev  0x0000000000003560      0x15b build/cocktail_spi.o
 .debug_abbrev  0x00000000000036bb      0x246 build/max11254.o
 .debug_abbrev  0x0000000000003901      0x1ff build/max11254_register.o
 .debug_abbrev  0x0000000000003b00       0x12 build/startup_stm32f746xx.o

.debug_loc      0x0000000000000000    0x15e06
 .debug_loc     0x0000000000000000      0x2b9 build/max11254_loadcell.o
 .debug_loc     0x00000000000002b9       0x7b build/main.o
 .debug_loc     0x0000000000000334       0x39 build/gpio.o
 .debug_loc     0x000000000000036d      0x108 build/spi.o
 .debug_loc     0x0000000000000475       0xea build/usart.o
 .debug_loc     0x000000000000055f      0x124 build/usb_otg.o
 .debug_loc     0x0000000000000683       0x40 build/stm32f7xx_it.o
 .debug_loc     0x00000000000006c3       0x2c build/stm32f7xx_hal_msp.o
 .debug_loc     0x00000000000006ef      0x794 build/stm32f7xx_hal_cortex.o
 .debug_loc     0x0000000000000e83      0x7e0 build/stm32f7xx_hal_rcc.o
 .debug_loc     0x0000000000001663      0x8d2 build/stm32f7xx_hal_rcc_ex.o
 .debug_loc     0x0000000000001f35      0x5e8 build/stm32f7xx_hal_gpio.o
 .debug_loc     0x000000000000251d      0xd6d build/stm32f7xx_hal_dma.o
 .debug_loc     0x000000000000328a       0x79 build/stm32f7xx_hal_pwr.o
 .debug_loc     0x0000000000003303      0x3dd build/stm32f7xx_hal_pwr_ex.o
 .debug_loc     0x00000000000036e0      0x1e1 build/stm32f7xx_hal.o
 .debug_loc     0x00000000000038c1     0x5835 build/stm32f7xx_hal_i2c.o
 .debug_loc     0x00000000000090f6      0x19c build/stm32f7xx_hal_i2c_ex.o
 .debug_loc     0x0000000000009292     0x2769 build/stm32f7xx_hal_spi.o
 .debug_loc     0x000000000000b9fb     0x4f1c build/stm32f7xx_hal_uart.o
 .debug_loc     0x0000000000010917     0x16e7 build/stm32f7xx_hal_pcd.o
 .debug_loc     0x0000000000011ffe      0x1a4 build/stm32f7xx_hal_pcd_ex.o
 .debug_loc     0x00000000000121a2     0x2b13 build/stm32f7xx_ll_usb.o
 .debug_loc     0x0000000000014cb5      0x158 build/system_stm32f7xx.o
 .debug_loc     0x0000000000014e0d      0x107 build/i2c.o
 .debug_loc     0x0000000000014f14      0x228 build/cocktail_spi.o
 .debug_loc     0x000000000001513c      0x57d build/max11254.o
 .debug_loc     0x00000000000156b9      0x74d build/max11254_register.o

.debug_aranges  0x0000000000000000     0x1248
 .debug_aranges
                0x0000000000000000       0x40 build/max11254_loadcell.o
 .debug_aranges
                0x0000000000000040       0x30 build/main.o
 .debug_aranges
                0x0000000000000070       0x20 build/gpio.o
 .debug_aranges
                0x0000000000000090       0x30 build/spi.o
 .debug_aranges
                0x00000000000000c0       0x30 build/usart.o
 .debug_aranges
                0x00000000000000f0       0x30 build/usb_otg.o
 .debug_aranges
                0x0000000000000120       0x68 build/stm32f7xx_it.o
 .debug_aranges
                0x0000000000000188       0x20 build/stm32f7xx_hal_msp.o
 .debug_aranges
                0x00000000000001a8       0xa8 build/stm32f7xx_hal_cortex.o
 .debug_aranges
                0x0000000000000250       0x88 build/stm32f7xx_hal_rcc.o
 .debug_aranges
                0x00000000000002d8       0x50 build/stm32f7xx_hal_rcc_ex.o
 .debug_aranges
                0x0000000000000328       0x58 build/stm32f7xx_hal_gpio.o
 .debug_aranges
                0x0000000000000380       0x90 build/stm32f7xx_hal_dma.o
 .debug_aranges
                0x0000000000000410       0xa0 build/stm32f7xx_hal_pwr.o
 .debug_aranges
                0x00000000000004b0       0x80 build/stm32f7xx_hal_pwr_ex.o
 .debug_aranges
                0x0000000000000530      0x100 build/stm32f7xx_hal.o
 .debug_aranges
                0x0000000000000630      0x2a0 build/stm32f7xx_hal_i2c.o
 .debug_aranges
                0x00000000000008d0       0x38 build/stm32f7xx_hal_i2c_ex.o
 .debug_aranges
                0x0000000000000908      0x1d8 build/stm32f7xx_hal_spi.o
 .debug_aranges
                0x0000000000000ae0      0x228 build/stm32f7xx_hal_uart.o
 .debug_aranges
                0x0000000000000d08      0x148 build/stm32f7xx_hal_pcd.o
 .debug_aranges
                0x0000000000000e50       0x48 build/stm32f7xx_hal_pcd_ex.o
 .debug_aranges
                0x0000000000000e98      0x1a8 build/stm32f7xx_ll_usb.o
 .debug_aranges
                0x0000000000001040       0x28 build/system_stm32f7xx.o
 .debug_aranges
                0x0000000000001068       0x30 build/i2c.o
 .debug_aranges
                0x0000000000001098       0x58 build/cocktail_spi.o
 .debug_aranges
                0x00000000000010f0       0x60 build/max11254.o
 .debug_aranges
                0x0000000000001150       0xd0 build/max11254_register.o
 .debug_aranges
                0x0000000000001220       0x28 build/startup_stm32f746xx.o

.debug_ranges   0x0000000000000000     0x10f8
 .debug_ranges  0x0000000000000000       0x30 build/max11254_loadcell.o
 .debug_ranges  0x0000000000000030       0x20 build/main.o
 .debug_ranges  0x0000000000000050       0x10 build/gpio.o
 .debug_ranges  0x0000000000000060       0x20 build/spi.o
 .debug_ranges  0x0000000000000080       0x20 build/usart.o
 .debug_ranges  0x00000000000000a0       0x20 build/usb_otg.o
 .debug_ranges  0x00000000000000c0       0x58 build/stm32f7xx_it.o
 .debug_ranges  0x0000000000000118       0x10 build/stm32f7xx_hal_msp.o
 .debug_ranges  0x0000000000000128       0xf8 build/stm32f7xx_hal_cortex.o
 .debug_ranges  0x0000000000000220       0x78 build/stm32f7xx_hal_rcc.o
 .debug_ranges  0x0000000000000298       0x40 build/stm32f7xx_hal_rcc_ex.o
 .debug_ranges  0x00000000000002d8       0x48 build/stm32f7xx_hal_gpio.o
 .debug_ranges  0x0000000000000320       0x80 build/stm32f7xx_hal_dma.o
 .debug_ranges  0x00000000000003a0       0x90 build/stm32f7xx_hal_pwr.o
 .debug_ranges  0x0000000000000430       0x70 build/stm32f7xx_hal_pwr_ex.o
 .debug_ranges  0x00000000000004a0       0xf0 build/stm32f7xx_hal.o
 .debug_ranges  0x0000000000000590      0x290 build/stm32f7xx_hal_i2c.o
 .debug_ranges  0x0000000000000820       0x28 build/stm32f7xx_hal_i2c_ex.o
 .debug_ranges  0x0000000000000848      0x1c8 build/stm32f7xx_hal_spi.o
 .debug_ranges  0x0000000000000a10      0x230 build/stm32f7xx_hal_uart.o
 .debug_ranges  0x0000000000000c40      0x138 build/stm32f7xx_hal_pcd.o
 .debug_ranges  0x0000000000000d78       0x38 build/stm32f7xx_hal_pcd_ex.o
 .debug_ranges  0x0000000000000db0      0x198 build/stm32f7xx_ll_usb.o
 .debug_ranges  0x0000000000000f48       0x18 build/system_stm32f7xx.o
 .debug_ranges  0x0000000000000f60       0x20 build/i2c.o
 .debug_ranges  0x0000000000000f80       0x48 build/cocktail_spi.o
 .debug_ranges  0x0000000000000fc8       0x50 build/max11254.o
 .debug_ranges  0x0000000000001018       0xc0 build/max11254_register.o
 .debug_ranges  0x00000000000010d8       0x20 build/startup_stm32f746xx.o

.debug_line     0x0000000000000000    0x17143
 .debug_line    0x0000000000000000      0x552 build/max11254_loadcell.o
 .debug_line    0x0000000000000552      0x472 build/main.o
 .debug_line    0x00000000000009c4      0x311 build/gpio.o
 .debug_line    0x0000000000000cd5      0x300 build/spi.o
 .debug_line    0x0000000000000fd5      0x314 build/usart.o
 .debug_line    0x00000000000012e9      0x349 build/usb_otg.o
 .debug_line    0x0000000000001632      0x2bd build/stm32f7xx_it.o
 .debug_line    0x00000000000018ef      0x148 build/stm32f7xx_hal_msp.o
 .debug_line    0x0000000000001a37      0x765 build/stm32f7xx_hal_cortex.o
 .debug_line    0x000000000000219c      0xc7e build/stm32f7xx_hal_rcc.o
 .debug_line    0x0000000000002e1a      0xb7f build/stm32f7xx_hal_rcc_ex.o
 .debug_line    0x0000000000003999      0x6e4 build/stm32f7xx_hal_gpio.o
 .debug_line    0x000000000000407d      0xe20 build/stm32f7xx_hal_dma.o
 .debug_line    0x0000000000004e9d      0x447 build/stm32f7xx_hal_pwr.o
 .debug_line    0x00000000000052e4      0x54b build/stm32f7xx_hal_pwr_ex.o
 .debug_line    0x000000000000582f      0x57b build/stm32f7xx_hal.o
 .debug_line    0x0000000000005daa     0x4d1f build/stm32f7xx_hal_i2c.o
 .debug_line    0x000000000000aac9      0x36f build/stm32f7xx_hal_i2c_ex.o
 .debug_line    0x000000000000ae38     0x291e build/stm32f7xx_hal_spi.o
 .debug_line    0x000000000000d756     0x4f3d build/stm32f7xx_hal_uart.o
 .debug_line    0x0000000000012693     0x1533 build/stm32f7xx_hal_pcd.o
 .debug_line    0x0000000000013bc6      0x327 build/stm32f7xx_hal_pcd_ex.o
 .debug_line    0x0000000000013eed     0x1df4 build/stm32f7xx_ll_usb.o
 .debug_line    0x0000000000015ce1      0x23c build/system_stm32f7xx.o
 .debug_line    0x0000000000015f1d      0x339 build/i2c.o
 .debug_line    0x0000000000016256      0x295 build/cocktail_spi.o
 .debug_line    0x00000000000164eb      0x503 build/max11254.o
 .debug_line    0x00000000000169ee      0x6df build/max11254_register.o
 .debug_line    0x00000000000170cd       0x76 build/startup_stm32f746xx.o

.debug_str      0x0000000000000000     0x5c00
 .debug_str     0x0000000000000000      0x951 build/max11254_loadcell.o
                                        0xa67 (size before relaxing)
 .debug_str     0x0000000000000951      0x374 build/main.o
                                        0xa17 (size before relaxing)
 .debug_str     0x0000000000000cc5       0x4e build/gpio.o
                                        0x383 (size before relaxing)
 .debug_str     0x0000000000000d13      0x637 build/spi.o
                                        0xdf4 (size before relaxing)
 .debug_str     0x000000000000134a      0x2d2 build/usart.o
                                        0xaff (size before relaxing)
 .debug_str     0x000000000000161c      0x3d6 build/usb_otg.o
                                        0xa6f (size before relaxing)
 .debug_str     0x00000000000019f2       0xd7 build/stm32f7xx_it.o
                                        0x6bd (size before relaxing)
 .debug_str     0x0000000000001ac9       0x29 build/stm32f7xx_hal_msp.o
                                        0x2c0 (size before relaxing)
 .debug_str     0x0000000000001af2      0x588 build/stm32f7xx_hal_cortex.o
                                        0xd97 (size before relaxing)
 .debug_str     0x000000000000207a      0x22b build/stm32f7xx_hal_rcc.o
                                        0x706 (size before relaxing)
 .debug_str     0x00000000000022a5      0x14c build/stm32f7xx_hal_rcc_ex.o
                                        0x6dd (size before relaxing)
 .debug_str     0x00000000000023f1      0x120 build/stm32f7xx_hal_gpio.o
                                        0x4e5 (size before relaxing)
 .debug_str     0x0000000000002511      0x308 build/stm32f7xx_hal_dma.o
                                        0x75e (size before relaxing)
 .debug_str     0x0000000000002819      0x1fc build/stm32f7xx_hal_pwr.o
                                        0x625 (size before relaxing)
 .debug_str     0x0000000000002a15      0x1bf build/stm32f7xx_hal_pwr_ex.o
                                        0x634 (size before relaxing)
 .debug_str     0x0000000000002bd4      0x2d3 build/stm32f7xx_hal.o
                                        0xc42 (size before relaxing)
 .debug_str     0x0000000000002ea7      0xb28 build/stm32f7xx_hal_i2c.o
                                       0x1058 (size before relaxing)
 .debug_str     0x00000000000039cf       0xc1 build/stm32f7xx_hal_i2c_ex.o
                                        0x8ff (size before relaxing)
 .debug_str     0x0000000000003a90      0x537 build/stm32f7xx_hal_spi.o
                                        0xc44 (size before relaxing)
 .debug_str     0x0000000000003fc7      0x741 build/stm32f7xx_hal_uart.o
                                        0xffa (size before relaxing)
 .debug_str     0x0000000000004708      0x7e7 build/stm32f7xx_hal_pcd.o
                                        0xdeb (size before relaxing)
 .debug_str     0x0000000000004eef      0x165 build/stm32f7xx_hal_pcd_ex.o
                                        0x761 (size before relaxing)
 .debug_str     0x0000000000005054      0x471 build/stm32f7xx_ll_usb.o
                                        0xce6 (size before relaxing)
 .debug_str     0x00000000000054c5       0x47 build/system_stm32f7xx.o
                                        0x443 (size before relaxing)
 .debug_str     0x000000000000550c       0x1f build/i2c.o
                                        0xbc6 (size before relaxing)
 .debug_str     0x000000000000552b      0x12b build/cocktail_spi.o
                                        0x7e5 (size before relaxing)
 .debug_str     0x0000000000005656      0x345 build/max11254.o
                                        0xb34 (size before relaxing)
 .debug_str     0x000000000000599b      0x241 build/max11254_register.o
                                        0x64d (size before relaxing)
 .debug_str     0x0000000000005bdc       0x24 build/startup_stm32f746xx.o
                                         0x50 (size before relaxing)

.comment        0x0000000000000000       0x49
 .comment       0x0000000000000000       0x49 build/max11254_loadcell.o
                                         0x4a (size before relaxing)
 .comment       0x0000000000000049       0x4a build/main.o
 .comment       0x0000000000000049       0x4a build/gpio.o
 .comment       0x0000000000000049       0x4a build/spi.o
 .comment       0x0000000000000049       0x4a build/usart.o
 .comment       0x0000000000000049       0x4a build/usb_otg.o
 .comment       0x0000000000000049       0x4a build/stm32f7xx_it.o
 .comment       0x0000000000000049       0x4a build/stm32f7xx_hal_msp.o
 .comment       0x0000000000000049       0x4a build/stm32f7xx_hal_cortex.o
 .comment       0x0000000000000049       0x4a build/stm32f7xx_hal_rcc.o
 .comment       0x0000000000000049       0x4a build/stm32f7xx_hal_rcc_ex.o
 .comment       0x0000000000000049       0x4a build/stm32f7xx_hal_gpio.o
 .comment       0x0000000000000049       0x4a build/stm32f7xx_hal_dma.o
 .comment       0x0000000000000049       0x4a build/stm32f7xx_hal_pwr.o
 .comment       0x0000000000000049       0x4a build/stm32f7xx_hal_pwr_ex.o
 .comment       0x0000000000000049       0x4a build/stm32f7xx_hal.o
 .comment       0x0000000000000049       0x4a build/stm32f7xx_hal_i2c.o
 .comment       0x0000000000000049       0x4a build/stm32f7xx_hal_i2c_ex.o
 .comment       0x0000000000000049       0x4a build/stm32f7xx_hal_spi.o
 .comment       0x0000000000000049       0x4a build/stm32f7xx_hal_uart.o
 .comment       0x0000000000000049       0x4a build/stm32f7xx_hal_pcd.o
 .comment       0x0000000000000049       0x4a build/stm32f7xx_hal_pcd_ex.o
 .comment       0x0000000000000049       0x4a build/stm32f7xx_ll_usb.o
 .comment       0x0000000000000049       0x4a build/system_stm32f7xx.o
 .comment       0x0000000000000049       0x4a build/i2c.o
 .comment       0x0000000000000049       0x4a build/cocktail_spi.o
 .comment       0x0000000000000049       0x4a build/max11254.o
 .comment       0x0000000000000049       0x4a build/max11254_register.o

.debug_frame    0x0000000000000000     0x3668
 .debug_frame   0x0000000000000000       0xac build/max11254_loadcell.o
 .debug_frame   0x00000000000000ac       0x58 build/main.o
 .debug_frame   0x0000000000000104       0x3c build/gpio.o
 .debug_frame   0x0000000000000140       0x60 build/spi.o
 .debug_frame   0x00000000000001a0       0x64 build/usart.o
 .debug_frame   0x0000000000000204       0x68 build/usb_otg.o
 .debug_frame   0x000000000000026c       0xc0 build/stm32f7xx_it.o
 .debug_frame   0x000000000000032c       0x28 build/stm32f7xx_hal_msp.o
 .debug_frame   0x0000000000000354      0x148 build/stm32f7xx_hal_cortex.o
 .debug_frame   0x000000000000049c      0x178 build/stm32f7xx_hal_rcc.o
 .debug_frame   0x0000000000000614       0xc0 build/stm32f7xx_hal_rcc_ex.o
 .debug_frame   0x00000000000006d4       0xd8 build/stm32f7xx_hal_gpio.o
 .debug_frame   0x00000000000007ac      0x188 build/stm32f7xx_hal_dma.o
 .debug_frame   0x0000000000000934      0x128 build/stm32f7xx_hal_pwr.o
 .debug_frame   0x0000000000000a5c      0x134 build/stm32f7xx_hal_pwr_ex.o
 .debug_frame   0x0000000000000b90      0x20c build/stm32f7xx_hal.o
 .debug_frame   0x0000000000000d9c      0x97c build/stm32f7xx_hal_i2c.o
 .debug_frame   0x0000000000001718       0x60 build/stm32f7xx_hal_i2c_ex.o
 .debug_frame   0x0000000000001778      0x5d8 build/stm32f7xx_hal_spi.o
 .debug_frame   0x0000000000001d50      0x5fc build/stm32f7xx_hal_uart.o
 .debug_frame   0x000000000000234c      0x388 build/stm32f7xx_hal_pcd.o
 .debug_frame   0x00000000000026d4       0x7c build/stm32f7xx_hal_pcd_ex.o
 .debug_frame   0x0000000000002750      0x4c0 build/stm32f7xx_ll_usb.o
 .debug_frame   0x0000000000002c10       0x30 build/system_stm32f7xx.o
 .debug_frame   0x0000000000002c40       0x64 build/i2c.o
 .debug_frame   0x0000000000002ca4       0xd0 build/cocktail_spi.o
 .debug_frame   0x0000000000002d74      0x12c build/max11254.o
 .debug_frame   0x0000000000002ea0      0x1d8 build/max11254_register.o
 .debug_frame   0x0000000000003078       0x2c /usr/share/gcc-arm-none-eabi-10.3-2021.10/bin/../lib/gcc/arm-none-eabi/10.3.1/../../../../arm-none-eabi/lib/thumb/v7e-m+fp/hard/libc_nano.a(lib_a-init.o)
 .debug_frame   0x00000000000030a4       0x30 /usr/share/gcc-arm-none-eabi-10.3-2021.10/bin/../lib/gcc/arm-none-eabi/10.3.1/../../../../arm-none-eabi/lib/thumb/v7e-m+fp/hard/libc_nano.a(lib_a-malloc.o)
 .debug_frame   0x00000000000030d4       0x28 /usr/share/gcc-arm-none-eabi-10.3-2021.10/bin/../lib/gcc/arm-none-eabi/10.3.1/../../../../arm-none-eabi/lib/thumb/v7e-m+fp/hard/libc_nano.a(lib_a-memcpy-stub.o)
 .debug_frame   0x00000000000030fc       0x20 /usr/share/gcc-arm-none-eabi-10.3-2021.10/bin/../lib/gcc/arm-none-eabi/10.3.1/../../../../arm-none-eabi/lib/thumb/v7e-m+fp/hard/libc_nano.a(lib_a-memset.o)
 .debug_frame   0x000000000000311c       0x38 /usr/share/gcc-arm-none-eabi-10.3-2021.10/bin/../lib/gcc/arm-none-eabi/10.3.1/../../../../arm-none-eabi/lib/thumb/v7e-m+fp/hard/libc_nano.a(lib_a-nano-freer.o)
 .debug_frame   0x0000000000003154       0x4c /usr/share/gcc-arm-none-eabi-10.3-2021.10/bin/../lib/gcc/arm-none-eabi/10.3.1/../../../../arm-none-eabi/lib/thumb/v7e-m+fp/hard/libc_nano.a(lib_a-nano-mallocr.o)
 .debug_frame   0x00000000000031a0       0x2c /usr/share/gcc-arm-none-eabi-10.3-2021.10/bin/../lib/gcc/arm-none-eabi/10.3.1/../../../../arm-none-eabi/lib/thumb/v7e-m+fp/hard/libc_nano.a(lib_a-sbrkr.o)
 .debug_frame   0x00000000000031cc       0x6c /usr/share/gcc-arm-none-eabi-10.3-2021.10/bin/../lib/gcc/arm-none-eabi/10.3.1/../../../../arm-none-eabi/lib/thumb/v7e-m+fp/hard/libc_nano.a(lib_a-sprintf.o)
 .debug_frame   0x0000000000003238       0x30 /usr/share/gcc-arm-none-eabi-10.3-2021.10/bin/../lib/gcc/arm-none-eabi/10.3.1/../../../../arm-none-eabi/lib/thumb/v7e-m+fp/hard/libc_nano.a(lib_a-mlock.o)
 .debug_frame   0x0000000000003268       0x90 /usr/share/gcc-arm-none-eabi-10.3-2021.10/bin/../lib/gcc/arm-none-eabi/10.3.1/../../../../arm-none-eabi/lib/thumb/v7e-m+fp/hard/libc_nano.a(lib_a-nano-svfprintf.o)
 .debug_frame   0x00000000000032f8       0x60 /usr/share/gcc-arm-none-eabi-10.3-2021.10/bin/../lib/gcc/arm-none-eabi/10.3.1/../../../../arm-none-eabi/lib/thumb/v7e-m+fp/hard/libc_nano.a(lib_a-nano-vfprintf_i.o)
 .debug_frame   0x0000000000003358       0x5c /usr/share/gcc-arm-none-eabi-10.3-2021.10/bin/../lib/gcc/arm-none-eabi/10.3.1/../../../../arm-none-eabi/lib/thumb/v7e-m+fp/hard/libc_nano.a(lib_a-reent.o)
 .debug_frame   0x00000000000033b4       0xb0 /usr/share/gcc-arm-none-eabi-10.3-2021.10/bin/../lib/gcc/arm-none-eabi/10.3.1/../../../../arm-none-eabi/lib/thumb/v7e-m+fp/hard/libc_nano.a(lib_a-lock.o)
 .debug_frame   0x0000000000003464       0x28 /usr/share/gcc-arm-none-eabi-10.3-2021.10/bin/../lib/gcc/arm-none-eabi/10.3.1/../../../../arm-none-eabi/lib/thumb/v7e-m+fp/hard/libc_nano.a(lib_a-memmove.o)
 .debug_frame   0x000000000000348c       0x3c /usr/share/gcc-arm-none-eabi-10.3-2021.10/bin/../lib/gcc/arm-none-eabi/10.3.1/../../../../arm-none-eabi/lib/thumb/v7e-m+fp/hard/libc_nano.a(lib_a-nano-reallocr.o)
 .debug_frame   0x00000000000034c8       0x20 /usr/share/gcc-arm-none-eabi-10.3-2021.10/bin/../lib/gcc/arm-none-eabi/10.3.1/../../../../arm-none-eabi/lib/thumb/v7e-m+fp/hard/libc_nano.a(lib_a-nano-msizer.o)
 .debug_frame   0x00000000000034e8       0x20 /usr/share/gcc-arm-none-eabi-10.3-2021.10/bin/../lib/gcc/arm-none-eabi/10.3.1/../../../../arm-none-eabi/lib/thumb/v7e-m+fp/hard/libnosys.a(sbrk.o)
 .debug_frame   0x0000000000003508       0x30 /usr/share/gcc-arm-none-eabi-10.3-2021.10/bin/../lib/gcc/arm-none-eabi/10.3.1/thumb/v7e-m+fp/hard/libgcc.a(_arm_muldf3.o)
 .debug_frame   0x0000000000003538       0xac /usr/share/gcc-arm-none-eabi-10.3-2021.10/bin/../lib/gcc/arm-none-eabi/10.3.1/thumb/v7e-m+fp/hard/libgcc.a(_arm_addsubdf3.o)
 .debug_frame   0x00000000000035e4       0x24 /usr/share/gcc-arm-none-eabi-10.3-2021.10/bin/../lib/gcc/arm-none-eabi/10.3.1/thumb/v7e-m+fp/hard/libgcc.a(_arm_truncdfsf2.o)
 .debug_frame   0x0000000000003608       0x2c /usr/share/gcc-arm-none-eabi-10.3-2021.10/bin/../lib/gcc/arm-none-eabi/10.3.1/thumb/v7e-m+fp/hard/libgcc.a(_aeabi_uldivmod.o)
 .debug_frame   0x0000000000003634       0x34 /usr/share/gcc-arm-none-eabi-10.3-2021.10/bin/../lib/gcc/arm-none-eabi/10.3.1/thumb/v7e-m+fp/hard/libgcc.a(_udivmoddi4.o)

Cross Reference Table

Symbol                                            File
ADC_IRQHandler                                    build/startup_stm32f746xx.o
AHBPrescTable                                     build/system_stm32f7xx.o
                                                  build/stm32f7xx_hal_rcc.o
APBPrescTable                                     build/system_stm32f7xx.o
                                                  build/stm32f7xx_hal_rcc.o
BusFault_Handler                                  build/stm32f7xx_it.o
CAN1_RX0_IRQHandler                               build/startup_stm32f746xx.o
CAN1_RX1_IRQHandler                               build/startup_stm32f746xx.o
CAN1_SCE_IRQHandler                               build/startup_stm32f746xx.o
CAN1_TX_IRQHandler                                build/startup_stm32f746xx.o
CAN2_RX0_IRQHandler                               build/startup_stm32f746xx.o
CAN2_RX1_IRQHandler                               build/startup_stm32f746xx.o
CAN2_SCE_IRQHandler                               build/startup_stm32f746xx.o
CAN2_TX_IRQHandler                                build/startup_stm32f746xx.o
CEC_IRQHandler                                    build/startup_stm32f746xx.o
COCKTAIL_GPIO_EXTI_Callback                       build/cocktail_gpio.o
COCKTAIL_I2C_AbortCpltCallback                    build/cocktail_i2c.o
COCKTAIL_I2C_ErrorCallback                        build/cocktail_i2c.o
COCKTAIL_I2C_ListenCpltCallback                   build/cocktail_i2c.o
COCKTAIL_I2C_MasterRxCpltCallback                 build/cocktail_i2c.o
COCKTAIL_I2C_MasterTxCpltCallback                 build/cocktail_i2c.o
COCKTAIL_I2C_MemRxCpltCallback                    build/cocktail_i2c.o
COCKTAIL_I2C_MemTxCpltCallback                    build/cocktail_i2c.o
COCKTAIL_I2C_SlaveRxCpltCallback                  build/cocktail_i2c.o
COCKTAIL_I2C_SlaveTxCpltCallback                  build/cocktail_i2c.o
COCKTAIL_SPI_AbortCpltCallback                    build/cocktail_spi.o
COCKTAIL_SPI_ErrorCallback                        build/cocktail_spi.o
COCKTAIL_SPI_RxCpltCallback                       build/cocktail_spi.o
COCKTAIL_SPI_RxHalfCpltCallback                   build/cocktail_spi.o
COCKTAIL_SPI_TxCpltCallback                       build/cocktail_spi.o
COCKTAIL_SPI_TxHalfCpltCallback                   build/cocktail_spi.o
COCKTAIL_SPI_TxRxCpltCallback                     build/cocktail_spi.o
COCKTAIL_SPI_TxRxHalfCpltCallback                 build/cocktail_spi.o
COCKTAIL_UART_AbortCpltCallback                   build/cocktail_uart.o
COCKTAIL_UART_AbortReceiveCpltCallback            build/cocktail_uart.o
COCKTAIL_UART_AbortTransmitCpltCallback           build/cocktail_uart.o
COCKTAIL_UART_ErrorCallback                       build/cocktail_uart.o
COCKTAIL_UART_RxCpltCallback                      build/cocktail_uart.o
COCKTAIL_UART_RxHalfCpltCallback                  build/cocktail_uart.o
COCKTAIL_UART_TxCpltCallback                      build/cocktail_uart.o
COCKTAIL_UART_TxHalfCpltCallback                  build/cocktail_uart.o
CircBuf_Init                                      build/circ_buf.o
                                                  build/pipe.o
CircBuf_consume                                   build/circ_buf.o
                                                  build/pipe.o
CircBuf_get_data                                  build/circ_buf.o
                                                  build/pipe.o
CircBuf_get_readable_size                         build/circ_buf.o
CircBuf_get_writeable_size                        build/circ_buf.o
CircBuf_is_empty                                  build/circ_buf.o
CircBuf_is_full                                   build/circ_buf.o
CircBuf_produce                                   build/circ_buf.o
CircBuf_read                                      build/circ_buf.o
                                                  build/pipe.o
CircBuf_write                                     build/circ_buf.o
                                                  build/pipe.o
Cocktail_Init                                     build/cocktail_core.o
Cocktail_Run                                      build/cocktail_core.o
Cocktail_Schedule                                 build/sched.o
                                                  build/adc_generic.o
                                                  build/cocktail_core.o
                                                  build/watcher.o
                                                  build/event.o
Cocktail_addEvent                                 build/event.o
Cocktail_addScheduler                             build/sched.o
                                                  build/cocktail_core.o
Cocktail_create_vpcb                              build/virtual_pcb.o
Cocktail_getEvent                                 build/event.o
Cocktail_getWatcher                               build/watcher.o
                                                  build/virtual_pcb.o
                                                  build/sleep.o
Cocktail_hasEvent                                 build/event.o
                                                  build/sched.o
Cocktail_invokeWatcher                            build/watcher.o
                                                  build/virtual_pcb.o
                                                  build/sleep.o
Cocktail_isLocked                                 build/event.o
                                                  build/virtual_pcb.o
Cocktail_lock                                     build/event.o
                                                  build/watcher.o
                                                  build/virtual_pcb.o
                                                  build/sleep.o
                                                  build/mutex.o
Cocktail_mutex_init                               build/mutex.o
Cocktail_mutex_lock                               build/mutex.o
Cocktail_mutex_unlock                             build/mutex.o
Cocktail_newTask                                  build/task.o
                                                  build/max116xx_platform.o
                                                  build/adc_generic.o
                                                  build/mux.o
                                                  build/watcher.o
Cocktail_retrieve_vpcb                            build/virtual_pcb.o
Cocktail_sema_acquire                             build/mutex.o
Cocktail_sema_init                                build/mutex.o
Cocktail_sema_release                             build/mutex.o
Cocktail_setPriority                              build/cocktail_core.o
Cocktail_set_watcher_cond_fn                      build/watcher.o
                                                  build/virtual_pcb.o
                                                  build/sleep.o
Cocktail_set_watcher_init_fn                      build/watcher.o
                                                  build/virtual_pcb.o
                                                  build/sleep.o
Cocktail_set_watcher_job_fn                       build/watcher.o
                                                  build/virtual_pcb.o
                                                  build/sleep.o
Cocktail_startWatcher                             build/watcher.o
                                                  build/virtual_pcb.o
                                                  build/sleep.o
Cocktail_systemInit                               build/cocktail_core.o
Cocktail_terminate_vpcb                           build/virtual_pcb.o
Cocktail_unlock_safe                              build/event.o
                                                  build/virtual_pcb.o
Cocktail_unlock_unsafe                            build/event.o
                                                  build/watcher.o
                                                  build/virtual_pcb.o
                                                  build/sleep.o
                                                  build/mutex.o
DCMI_IRQHandler                                   build/startup_stm32f746xx.o
DMA1_Stream0_IRQHandler                           build/startup_stm32f746xx.o
DMA1_Stream1_IRQHandler                           build/startup_stm32f746xx.o
DMA1_Stream2_IRQHandler                           build/startup_stm32f746xx.o
DMA1_Stream3_IRQHandler                           build/startup_stm32f746xx.o
DMA1_Stream4_IRQHandler                           build/startup_stm32f746xx.o
DMA1_Stream5_IRQHandler                           build/startup_stm32f746xx.o
DMA1_Stream6_IRQHandler                           build/startup_stm32f746xx.o
DMA1_Stream7_IRQHandler                           build/startup_stm32f746xx.o
DMA2D_IRQHandler                                  build/startup_stm32f746xx.o
DMA2_Stream0_IRQHandler                           build/startup_stm32f746xx.o
DMA2_Stream1_IRQHandler                           build/startup_stm32f746xx.o
DMA2_Stream2_IRQHandler                           build/startup_stm32f746xx.o
DMA2_Stream3_IRQHandler                           build/startup_stm32f746xx.o
DMA2_Stream4_IRQHandler                           build/startup_stm32f746xx.o
DMA2_Stream5_IRQHandler                           build/startup_stm32f746xx.o
DMA2_Stream6_IRQHandler                           build/startup_stm32f746xx.o
DMA2_Stream7_IRQHandler                           build/startup_stm32f746xx.o
DebugMon_Handler                                  build/stm32f7xx_it.o
Decoder_select                                    build/decoder.o
                                                  build/mux.o
Decoder_setGPIO                                   build/decoder.o
Default_Handler                                   build/startup_stm32f746xx.o
ETH_IRQHandler                                    build/startup_stm32f746xx.o
ETH_WKUP_IRQHandler                               build/startup_stm32f746xx.o
EXTI0_IRQHandler                                  build/startup_stm32f746xx.o
EXTI15_10_IRQHandler                              build/startup_stm32f746xx.o
EXTI1_IRQHandler                                  build/startup_stm32f746xx.o
EXTI2_IRQHandler                                  build/startup_stm32f746xx.o
EXTI3_IRQHandler                                  build/startup_stm32f746xx.o
EXTI4_IRQHandler                                  build/startup_stm32f746xx.o
EXTI9_5_IRQHandler                                build/startup_stm32f746xx.o
Error_Handler                                     build/main.o
                                                  build/i2c.o
                                                  build/usb_otg.o
                                                  build/usart.o
                                                  build/spi.o
FLASH_Erase_Sector                                build/stm32f7xx_hal_flash_ex.o
                                                  build/stm32f7xx_hal_flash.o
FLASH_IRQHandler                                  build/startup_stm32f746xx.o
FLASH_WaitForLastOperation                        build/stm32f7xx_hal_flash.o
                                                  build/stm32f7xx_hal_flash_ex.o
FMC_IRQHandler                                    build/startup_stm32f746xx.o
FPU_IRQHandler                                    build/startup_stm32f746xx.o
GenericADC_newADC                                 build/adc_generic.o
                                                  build/max116xx_platform.o
GenericADC_startSample                            build/adc_generic.o
                                                  build/max116xx_platform.o
HAL_DBGMCU_DisableDBGSleepMode                    build/stm32f7xx_hal.o
HAL_DBGMCU_DisableDBGStandbyMode                  build/stm32f7xx_hal.o
HAL_DBGMCU_DisableDBGStopMode                     build/stm32f7xx_hal.o
HAL_DBGMCU_EnableDBGSleepMode                     build/stm32f7xx_hal.o
HAL_DBGMCU_EnableDBGStandbyMode                   build/stm32f7xx_hal.o
HAL_DBGMCU_EnableDBGStopMode                      build/stm32f7xx_hal.o
HAL_DMAEx_ChangeMemory                            build/stm32f7xx_hal_dma_ex.o
HAL_DMAEx_MultiBufferStart                        build/stm32f7xx_hal_dma_ex.o
HAL_DMAEx_MultiBufferStart_IT                     build/stm32f7xx_hal_dma_ex.o
HAL_DMA_Abort                                     build/stm32f7xx_hal_dma.o
                                                  build/stm32f7xx_hal_uart.o
                                                  build/stm32f7xx_hal_spi.o
HAL_DMA_Abort_IT                                  build/stm32f7xx_hal_dma.o
                                                  build/stm32f7xx_hal_uart.o
                                                  build/stm32f7xx_hal_spi.o
                                                  build/stm32f7xx_hal_i2c.o
HAL_DMA_DeInit                                    build/stm32f7xx_hal_dma.o
HAL_DMA_GetError                                  build/stm32f7xx_hal_dma.o
                                                  build/stm32f7xx_hal_uart.o
                                                  build/stm32f7xx_hal_i2c.o
HAL_DMA_GetState                                  build/stm32f7xx_hal_dma.o
                                                  build/stm32f7xx_hal_i2c.o
HAL_DMA_IRQHandler                                build/stm32f7xx_hal_dma.o
HAL_DMA_Init                                      build/stm32f7xx_hal_dma.o
HAL_DMA_PollForTransfer                           build/stm32f7xx_hal_dma.o
HAL_DMA_RegisterCallback                          build/stm32f7xx_hal_dma.o
HAL_DMA_Start                                     build/stm32f7xx_hal_dma.o
HAL_DMA_Start_IT                                  build/stm32f7xx_hal_dma.o
                                                  build/stm32f7xx_hal_uart.o
                                                  build/stm32f7xx_hal_spi.o
                                                  build/stm32f7xx_hal_i2c.o
HAL_DMA_UnRegisterCallback                        build/stm32f7xx_hal_dma.o
HAL_DeInit                                        build/stm32f7xx_hal.o
HAL_Delay                                         build/stm32f7xx_hal.o
                                                  build/max11254.o